******************************************************************************
             TMS320C2000 Linker Unix v16.9.1                   
******************************************************************************
>> Linked Fri May 12 13:51:56 2017

OUTPUT FILE NAME:   <launchpadXL_progressive_tests.out>
ENTRY POINT SYMBOL: "code_start"  address: 00080000


MEMORY CONFIGURATION

         name            origin    length      used     unused   attr    fill
----------------------  --------  ---------  --------  --------  ----  --------
PAGE 0:
  RAMM0                 00000122   000002de  00000000  000002de  RWIX
  RAMLS0                00008000   00000800  00000072  0000078e  RWIX
  RAMLS1                00008800   00000800  00000000  00000800  RWIX
  RAMLS2                00009000   00000800  00000000  00000800  RWIX
  RAMLS3                00009800   00000800  00000000  00000800  RWIX
  RAMLS4                0000a000   00000800  00000000  00000800  RWIX
  RAMD0                 0000b000   00000800  00000000  00000800  RWIX
  BEGIN                 00080000   00000002  00000002  00000000  RWIX
  FLASHA                00080002   00001ffe  00000000  00001ffe  RWIX
  FLASHB                00082000   00002000  00001ffe  00000002  RWIX
  FLASHC                00084000   00002000  000001f9  00001e07  RWIX
  FLASHD                00086000   00002000  00000072  00001f8e  RWIX
  FLASHE                00088000   00008000  00000000  00008000  RWIX
  FLASHF                00090000   00008000  000003ae  00007c52  RWIX
  FLASHG                00098000   00008000  00000000  00008000  RWIX
  FLASHH                000a0000   00008000  00000000  00008000  RWIX
  FLASHI                000a8000   00008000  00000000  00008000  RWIX
  FLASHJ                000b0000   00008000  00000000  00008000  RWIX
  FLASHK                000b8000   00002000  00000000  00002000  RWIX
  FLASHL                000ba000   00002000  00000000  00002000  RWIX
  FLASHM                000bc000   00002000  00000000  00002000  RWIX
  FLASHN                000be000   00002000  00000000  00002000  RWIX
  RESET                 003fffc0   00000002  00000000  00000002  RWIX

PAGE 1:
  BOOT_RSVD             00000002   00000120  00000000  00000120  RWIX
  RAMM1                 00000400   00000400  00000200  00000200  RWIX
  ADCA_RESULT           00000b00   00000020  00000018  00000008  RWIX
  ADCB_RESULT           00000b20   00000020  00000018  00000008  RWIX
  ADCC_RESULT           00000b40   00000020  00000018  00000008  RWIX
  ADCD_RESULT           00000b60   00000020  00000018  00000008  RWIX
  CPU_TIMER0            00000c00   00000008  00000008  00000000  RWIX
  CPU_TIMER1            00000c08   00000008  00000008  00000000  RWIX
  CPU_TIMER2            00000c10   00000008  00000008  00000000  RWIX
  PIE_CTRL              00000ce0   00000020  0000001a  00000006  RWIX
  PIE_VECT              00000d00   00000200  000001c0  00000040  RWIX
  DMA                   00001000   00000200  000000e0  00000120  RWIX
  CLA1                  00001400   00000040  0000003e  00000002  RWIX
  EPWM1                 00004000   00000100  00000100  00000000  RWIX
  EPWM2                 00004100   00000100  00000100  00000000  RWIX
  EPWM3                 00004200   00000100  00000100  00000000  RWIX
  EPWM4                 00004300   00000100  00000100  00000000  RWIX
  EPWM5                 00004400   00000100  00000100  00000000  RWIX
  EPWM6                 00004500   00000100  00000100  00000000  RWIX
  EPWM7                 00004600   00000100  00000100  00000000  RWIX
  EPWM8                 00004700   00000100  00000100  00000000  RWIX
  EPWM9                 00004800   00000100  00000100  00000000  RWIX
  EPWM10                00004900   00000100  00000100  00000000  RWIX
  EPWM11                00004a00   00000100  00000100  00000000  RWIX
  EPWM12                00004b00   00000100  00000100  00000000  RWIX
  ECAP1                 00005000   00000020  00000020  00000000  RWIX
  ECAP2                 00005020   00000020  00000020  00000000  RWIX
  ECAP3                 00005040   00000020  00000020  00000000  RWIX
  ECAP4                 00005060   00000020  00000020  00000000  RWIX
  ECAP5                 00005080   00000020  00000020  00000000  RWIX
  ECAP6                 000050a0   00000020  00000020  00000000  RWIX
  EQEP1                 00005100   00000040  00000022  0000001e  RWIX
  EQEP2                 00005140   00000040  00000022  0000001e  RWIX
  EQEP3                 00005180   00000040  00000022  0000001e  RWIX
  DACA                  00005c00   00000010  00000008  00000008  RWIX
  DACB                  00005c10   00000010  00000008  00000008  RWIX
  DACC                  00005c20   00000010  00000008  00000008  RWIX
  CMPSS1                00005c80   00000020  00000020  00000000  RWIX
  CMPSS2                00005ca0   00000020  00000020  00000000  RWIX
  CMPSS3                00005cc0   00000020  00000020  00000000  RWIX
  CMPSS4                00005ce0   00000020  00000020  00000000  RWIX
  CMPSS5                00005d00   00000020  00000020  00000000  RWIX
  CMPSS6                00005d20   00000020  00000020  00000000  RWIX
  CMPSS7                00005d40   00000020  00000020  00000000  RWIX
  CMPSS8                00005d60   00000020  00000020  00000000  RWIX
  SDFM1                 00005e00   00000080  00000080  00000000  RWIX
  SDFM2                 00005e80   00000080  00000080  00000000  RWIX
  MCBSPA                00006000   00000040  00000024  0000001c  RWIX
  MCBSPB                00006040   00000040  00000024  0000001c  RWIX
  SPIA                  00006100   00000010  00000010  00000000  RWIX
  SPIB                  00006110   00000010  00000010  00000000  RWIX
  SPIC                  00006120   00000010  00000010  00000000  RWIX
  SPID                  00006130   00000010  00000000  00000010  RWIX
  UPP                   00006200   00000100  00000048  000000b8  RWIX
  WD                    00007000   00000040  0000002b  00000015  RWIX
  NMIINTRUPT            00007060   00000010  00000007  00000009  RWIX
  XINT                  00007070   00000010  0000000b  00000005  RWIX
  SCIA                  00007200   00000010  00000010  00000000  RWIX
  SCIB                  00007210   00000010  00000010  00000000  RWIX
  SCIC                  00007220   00000010  00000010  00000000  RWIX
  SCID                  00007230   00000010  00000010  00000000  RWIX
  I2CA                  00007300   00000040  00000022  0000001e  RWIX
  I2CB                  00007340   00000040  00000022  0000001e  RWIX
  ADCA                  00007400   00000080  00000080  00000000  RWIX
  ADCB                  00007480   00000080  00000080  00000000  RWIX
  ADCC                  00007500   00000080  00000080  00000000  RWIX
  ADCD                  00007580   00000080  00000080  00000000  RWIX
  INPUT_XBAR            00007900   00000020  00000020  00000000  RWIX
  XBAR                  00007920   00000020  00000020  00000000  RWIX
  SYNC_SOC              00007940   00000010  00000006  0000000a  RWIX
  DMACLASRCSEL          00007980   00000040  0000001a  00000026  RWIX
  EPWM_XBAR             00007a00   00000040  00000040  00000000  RWIX
  CLB_XBAR              00007a40   00000040  00000000  00000040  RWIX
  OUTPUT_XBAR           00007a80   00000040  00000040  00000000  RWIX
  GPIOCTRL              00007c00   00000180  00000180  00000000  RWIX
  GPIODAT               00007f00   00000030  00000030  00000000  RWIX
  RAMLS5                0000a800   00000800  000000c5  0000073b  RWIX
  RAMD1                 0000b800   00000800  00000000  00000800  RWIX
  RAMGS0                0000c000   00001000  00000000  00001000  RWIX
  RAMGS1                0000d000   00001000  00000000  00001000  RWIX
  RAMGS2                0000e000   00001000  00000000  00001000  RWIX
  RAMGS3                0000f000   00001000  00000000  00001000  RWIX
  RAMGS4                00010000   00001000  00000000  00001000  RWIX
  RAMGS5                00011000   00001000  00000000  00001000  RWIX
  RAMGS6                00012000   00001000  00000000  00001000  RWIX
  RAMGS7                00013000   00001000  00000000  00001000  RWIX
  RAMGS8                00014000   00001000  00000000  00001000  RWIX
  RAMGS9                00015000   00001000  00000000  00001000  RWIX
  RAMGS10               00016000   00001000  00000000  00001000  RWIX
  RAMGS11               00017000   00001000  00000000  00001000  RWIX
  EMIF1                 00047000   00000800  00000070  00000790  RWIX
  EMIF2                 00047800   00000800  00000070  00000790  RWIX
  CANA                  00048000   00000800  00000164  0000069c  RWIX
  CANB                  0004a000   00000800  00000164  0000069c  RWIX
  FLASHPUMPSEMAPHORE    00050024   00000002  00000002  00000000  RWIX
  DEV_CFG               0005d000   00000180  0000012e  00000052  RWIX
  ANALOG_SUBSYS         0005d180   00000080  00000048  00000038  RWIX
  CLK_CFG               0005d200   00000100  00000032  000000ce  RWIX
  CPU_SYS               0005d300   00000100  00000082  0000007e  RWIX
  ROMPREFETCH           0005e608   00000002  00000002  00000000  RWIX
  DCSM_Z1               0005f000   00000030  00000024  0000000c  RWIX
  DCSM_Z2               0005f040   00000030  00000024  0000000c  RWIX
  DCSM_COMMON           0005f070   00000010  00000008  00000008  RWIX
  MEMCFG                0005f400   00000080  00000080  00000000  RWIX
  EMIF1CONFIG           0005f480   00000020  00000020  00000000  RWIX
  EMIF2CONFIG           0005f4a0   00000020  00000020  00000000  RWIX
  ACCESSPROTECTION      0005f4c0   00000040  00000040  00000000  RWIX
  MEMORYERROR           0005f500   00000040  00000040  00000000  RWIX
  ROMWAITSTATE          0005f540   00000002  00000002  00000000  RWIX
  FLASH0_CTRL           0005f800   00000300  00000182  0000017e  RWIX
  FLASH0_ECC            0005fb00   00000040  00000028  00000018  RWIX
  FLASH1_CTRL           0005fc00   00000300  00000182  0000017e  RWIX
  FLASH1_ECC            0005ff00   00000040  00000028  00000018  RWIX
  DCSM_Z1_OTP           00078000   00000020  00000020  00000000  RWIX
  DCSM_Z2_OTP           00078200   00000020  00000020  00000000  RWIX


SECTION ALLOCATION MAP

 output                                  attributes/
section   page    origin      length       input sections
--------  ----  ----------  ----------   ----------------
.cinit     0    00082000    000000b6     
                  00082000    00000090     F2837xS_struct.obj (.cinit)
                  00082090    0000000e     rts2800_fpu32.lib : exit.obj (.cinit)
                  0008209e    00000008     main.obj (.cinit)
                  000820a6    00000005     rts2800_fpu32.lib : _lock.obj (.cinit:__lock)
                  000820ab    00000005                       : _lock.obj (.cinit:__unlock)
                  000820b0    00000004                       : errno.obj (.cinit)
                  000820b4    00000002     --HOLE-- [fill = 0]

.pinit     0    00082000    00000000     UNINITIALIZED

codestart 
*          0    00080000    00000002     
                  00080000    00000002     F2837xS_CodeStartBranch.obj (codestart)

.stack     1    00000400    00000200     UNINITIALIZED
                  00000400    00000200     --HOLE--

.reset     0    003fffc0    00000002     DSECT
                  003fffc0    00000002     rts2800_fpu32.lib : boot28.obj (.reset)

.TI.ramfunc 
*          0    00086000    00000072     RUN ADDR = 00008000
                  00086000    0000006e     F2837xS_SysCtrl.obj (.TI.ramfunc)
                  0008606e    00000004     F2837xS_usDelay.obj (.TI.ramfunc)

.econst    0    00090000    000003ae     
                  00090000    000001c0     F2837xS_PieVect.obj (.econst:_PieVectTableInit)
                  000901c0    00000101     rts2800_fpu32.lib : ctype.obj (.econst:.string:__ctypes_)
                  000902c1    00000001     --HOLE-- [fill = 0]
                  000902c2    00000085     main.obj (.econst:.string)
                  00090347    00000001     --HOLE-- [fill = 0]
                  00090348    00000026     rts2800_fpu32.lib : _printfi.obj (.econst:.string)
                  0009036e    0000001c                       : _printfi.obj (.econst)
                  0009038a    0000001c                       : s_scalbn.obj (.econst)
                  000903a6    00000008                       : s_frexp.obj (.econst)

AdcaResultFile 
*          1    00000b00    00000018     UNINITIALIZED
                  00000b00    00000018     F2837xS_GlobalVariableDefs.obj (AdcaResultFile)

AdcbResultFile 
*          1    00000b20    00000018     UNINITIALIZED
                  00000b20    00000018     F2837xS_GlobalVariableDefs.obj (AdcbResultFile)

AdccResultFile 
*          1    00000b40    00000018     UNINITIALIZED
                  00000b40    00000018     F2837xS_GlobalVariableDefs.obj (AdccResultFile)

AdcdResultFile 
*          1    00000b60    00000018     UNINITIALIZED
                  00000b60    00000018     F2837xS_GlobalVariableDefs.obj (AdcdResultFile)

CpuTimer0RegsFile 
*          1    00000c00    00000008     UNINITIALIZED
                  00000c00    00000008     F2837xS_GlobalVariableDefs.obj (CpuTimer0RegsFile)

CpuTimer1RegsFile 
*          1    00000c08    00000008     UNINITIALIZED
                  00000c08    00000008     F2837xS_GlobalVariableDefs.obj (CpuTimer1RegsFile)

CpuTimer2RegsFile 
*          1    00000c10    00000008     UNINITIALIZED
                  00000c10    00000008     F2837xS_GlobalVariableDefs.obj (CpuTimer2RegsFile)

PieCtrlRegsFile 
*          1    00000ce0    0000001a     UNINITIALIZED
                  00000ce0    0000001a     F2837xS_GlobalVariableDefs.obj (PieCtrlRegsFile)

PieVectTableFile 
*          1    00000d00    000001c0     UNINITIALIZED
                  00000d00    000001c0     F2837xS_GlobalVariableDefs.obj (PieVectTableFile)

EmuKeyVar 
*          1    00000d00    00000001     UNINITIALIZED
                  00000d00    00000001     F2837xS_GlobalVariableDefs.obj (EmuKeyVar)

EmuBModeVar 
*          1    00000d01    00000001     UNINITIALIZED
                  00000d01    00000001     F2837xS_GlobalVariableDefs.obj (EmuBModeVar)

FlashCallbackVar 
*          1    00000d02    00000000     UNINITIALIZED

FlashScalingVar 
*          1    00000d02    00000000     UNINITIALIZED

DmaRegsFile 
*          1    00001000    000000e0     UNINITIALIZED
                  00001000    000000e0     F2837xS_GlobalVariableDefs.obj (DmaRegsFile)

Cla1RegsFile 
*          1    00001400    0000003e     UNINITIALIZED
                  00001400    0000003e     F2837xS_GlobalVariableDefs.obj (Cla1RegsFile)

EPwm1RegsFile 
*          1    00004000    00000100     UNINITIALIZED
                  00004000    00000100     F2837xS_GlobalVariableDefs.obj (EPwm1RegsFile)

EPwm2RegsFile 
*          1    00004100    00000100     UNINITIALIZED
                  00004100    00000100     F2837xS_GlobalVariableDefs.obj (EPwm2RegsFile)

EPwm3RegsFile 
*          1    00004200    00000100     UNINITIALIZED
                  00004200    00000100     F2837xS_GlobalVariableDefs.obj (EPwm3RegsFile)

EPwm4RegsFile 
*          1    00004300    00000100     UNINITIALIZED
                  00004300    00000100     F2837xS_GlobalVariableDefs.obj (EPwm4RegsFile)

EPwm5RegsFile 
*          1    00004400    00000100     UNINITIALIZED
                  00004400    00000100     F2837xS_GlobalVariableDefs.obj (EPwm5RegsFile)

EPwm6RegsFile 
*          1    00004500    00000100     UNINITIALIZED
                  00004500    00000100     F2837xS_GlobalVariableDefs.obj (EPwm6RegsFile)

EPwm7RegsFile 
*          1    00004600    00000100     UNINITIALIZED
                  00004600    00000100     F2837xS_GlobalVariableDefs.obj (EPwm7RegsFile)

EPwm8RegsFile 
*          1    00004700    00000100     UNINITIALIZED
                  00004700    00000100     F2837xS_GlobalVariableDefs.obj (EPwm8RegsFile)

EPwm9RegsFile 
*          1    00004800    00000100     UNINITIALIZED
                  00004800    00000100     F2837xS_GlobalVariableDefs.obj (EPwm9RegsFile)

EPwm10RegsFile 
*          1    00004900    00000100     UNINITIALIZED
                  00004900    00000100     F2837xS_GlobalVariableDefs.obj (EPwm10RegsFile)

EPwm11RegsFile 
*          1    00004a00    00000100     UNINITIALIZED
                  00004a00    00000100     F2837xS_GlobalVariableDefs.obj (EPwm11RegsFile)

EPwm12RegsFile 
*          1    00004b00    00000100     UNINITIALIZED
                  00004b00    00000100     F2837xS_GlobalVariableDefs.obj (EPwm12RegsFile)

ECap1RegsFile 
*          1    00005000    00000020     UNINITIALIZED
                  00005000    00000020     F2837xS_GlobalVariableDefs.obj (ECap1RegsFile)

ECap2RegsFile 
*          1    00005020    00000020     UNINITIALIZED
                  00005020    00000020     F2837xS_GlobalVariableDefs.obj (ECap2RegsFile)

ECap3RegsFile 
*          1    00005040    00000020     UNINITIALIZED
                  00005040    00000020     F2837xS_GlobalVariableDefs.obj (ECap3RegsFile)

ECap4RegsFile 
*          1    00005060    00000020     UNINITIALIZED
                  00005060    00000020     F2837xS_GlobalVariableDefs.obj (ECap4RegsFile)

ECap5RegsFile 
*          1    00005080    00000020     UNINITIALIZED
                  00005080    00000020     F2837xS_GlobalVariableDefs.obj (ECap5RegsFile)

ECap6RegsFile 
*          1    000050a0    00000020     UNINITIALIZED
                  000050a0    00000020     F2837xS_GlobalVariableDefs.obj (ECap6RegsFile)

EQep1RegsFile 
*          1    00005100    00000022     UNINITIALIZED
                  00005100    00000022     F2837xS_GlobalVariableDefs.obj (EQep1RegsFile)

EQep2RegsFile 
*          1    00005140    00000022     UNINITIALIZED
                  00005140    00000022     F2837xS_GlobalVariableDefs.obj (EQep2RegsFile)

EQep3RegsFile 
*          1    00005180    00000022     UNINITIALIZED
                  00005180    00000022     F2837xS_GlobalVariableDefs.obj (EQep3RegsFile)

DacaRegsFile 
*          1    00005c00    00000008     UNINITIALIZED
                  00005c00    00000008     F2837xS_GlobalVariableDefs.obj (DacaRegsFile)

DacbRegsFile 
*          1    00005c10    00000008     UNINITIALIZED
                  00005c10    00000008     F2837xS_GlobalVariableDefs.obj (DacbRegsFile)

DaccRegsFile 
*          1    00005c20    00000008     UNINITIALIZED
                  00005c20    00000008     F2837xS_GlobalVariableDefs.obj (DaccRegsFile)

Sdfm1RegsFile 
*          1    00005e00    00000080     UNINITIALIZED
                  00005e00    00000080     F2837xS_GlobalVariableDefs.obj (Sdfm1RegsFile)

Sdfm2RegsFile 
*          1    00005e80    00000080     UNINITIALIZED
                  00005e80    00000080     F2837xS_GlobalVariableDefs.obj (Sdfm2RegsFile)

McbspaRegsFile 
*          1    00006000    00000024     UNINITIALIZED
                  00006000    00000024     F2837xS_GlobalVariableDefs.obj (McbspaRegsFile)

McbspbRegsFile 
*          1    00006040    00000024     UNINITIALIZED
                  00006040    00000024     F2837xS_GlobalVariableDefs.obj (McbspbRegsFile)

SpiaRegsFile 
*          1    00006100    00000010     UNINITIALIZED
                  00006100    00000010     F2837xS_GlobalVariableDefs.obj (SpiaRegsFile)

SpibRegsFile 
*          1    00006110    00000010     UNINITIALIZED
                  00006110    00000010     F2837xS_GlobalVariableDefs.obj (SpibRegsFile)

SpicRegsFile 
*          1    00006120    00000010     UNINITIALIZED
                  00006120    00000010     F2837xS_GlobalVariableDefs.obj (SpicRegsFile)

UppRegsFile 
*          1    00006200    00000048     UNINITIALIZED
                  00006200    00000048     F2837xS_GlobalVariableDefs.obj (UppRegsFile)

WdRegsFile 
*          1    00007000    0000002b     UNINITIALIZED
                  00007000    0000002b     F2837xS_GlobalVariableDefs.obj (WdRegsFile)

NmiIntruptRegsFile 
*          1    00007060    00000007     UNINITIALIZED
                  00007060    00000007     F2837xS_GlobalVariableDefs.obj (NmiIntruptRegsFile)

XintRegsFile 
*          1    00007070    0000000b     UNINITIALIZED
                  00007070    0000000b     F2837xS_GlobalVariableDefs.obj (XintRegsFile)

SciaRegsFile 
*          1    00007200    00000010     UNINITIALIZED
                  00007200    00000010     F2837xS_GlobalVariableDefs.obj (SciaRegsFile)

ScibRegsFile 
*          1    00007210    00000010     UNINITIALIZED
                  00007210    00000010     F2837xS_GlobalVariableDefs.obj (ScibRegsFile)

ScicRegsFile 
*          1    00007220    00000010     UNINITIALIZED
                  00007220    00000010     F2837xS_GlobalVariableDefs.obj (ScicRegsFile)

ScidRegsFile 
*          1    00007230    00000010     UNINITIALIZED
                  00007230    00000010     F2837xS_GlobalVariableDefs.obj (ScidRegsFile)

I2caRegsFile 
*          1    00007300    00000022     UNINITIALIZED
                  00007300    00000022     F2837xS_GlobalVariableDefs.obj (I2caRegsFile)

I2cbRegsFile 
*          1    00007340    00000022     UNINITIALIZED
                  00007340    00000022     F2837xS_GlobalVariableDefs.obj (I2cbRegsFile)

AdcaRegsFile 
*          1    00007400    00000080     UNINITIALIZED
                  00007400    00000080     F2837xS_GlobalVariableDefs.obj (AdcaRegsFile)

AdcbRegsFile 
*          1    00007480    00000080     UNINITIALIZED
                  00007480    00000080     F2837xS_GlobalVariableDefs.obj (AdcbRegsFile)

AdccRegsFile 
*          1    00007500    00000080     UNINITIALIZED
                  00007500    00000080     F2837xS_GlobalVariableDefs.obj (AdccRegsFile)

AdcdRegsFile 
*          1    00007580    00000080     UNINITIALIZED
                  00007580    00000080     F2837xS_GlobalVariableDefs.obj (AdcdRegsFile)

CanaRegsFile 
*          1    00048000    00000164     UNINITIALIZED
                  00048000    00000164     F2837xS_GlobalVariableDefs.obj (CanaRegsFile)

CanbRegsFile 
*          1    0004a000    00000164     UNINITIALIZED
                  0004a000    00000164     F2837xS_GlobalVariableDefs.obj (CanbRegsFile)

AnalogSubsysRegsFile 
*          1    0005d180    00000048     UNINITIALIZED
                  0005d180    00000048     F2837xS_GlobalVariableDefs.obj (AnalogSubsysRegsFile)

Cla1SoftIntRegsFile 
*          1    00000ce0    00000004     DSECT
                  00000ce0    00000004     F2837xS_GlobalVariableDefs.obj (Cla1SoftIntRegsFile)

Cmpss1RegsFile 
*          1    00005c80    00000020     UNINITIALIZED
                  00005c80    00000020     F2837xS_GlobalVariableDefs.obj (Cmpss1RegsFile)

Cmpss2RegsFile 
*          1    00005ca0    00000020     UNINITIALIZED
                  00005ca0    00000020     F2837xS_GlobalVariableDefs.obj (Cmpss2RegsFile)

Cmpss3RegsFile 
*          1    00005cc0    00000020     UNINITIALIZED
                  00005cc0    00000020     F2837xS_GlobalVariableDefs.obj (Cmpss3RegsFile)

Cmpss4RegsFile 
*          1    00005ce0    00000020     UNINITIALIZED
                  00005ce0    00000020     F2837xS_GlobalVariableDefs.obj (Cmpss4RegsFile)

Cmpss5RegsFile 
*          1    00005d00    00000020     UNINITIALIZED
                  00005d00    00000020     F2837xS_GlobalVariableDefs.obj (Cmpss5RegsFile)

Cmpss6RegsFile 
*          1    00005d20    00000020     UNINITIALIZED
                  00005d20    00000020     F2837xS_GlobalVariableDefs.obj (Cmpss6RegsFile)

Cmpss7RegsFile 
*          1    00005d40    00000020     UNINITIALIZED
                  00005d40    00000020     F2837xS_GlobalVariableDefs.obj (Cmpss7RegsFile)

Cmpss8RegsFile 
*          1    00005d60    00000020     UNINITIALIZED
                  00005d60    00000020     F2837xS_GlobalVariableDefs.obj (Cmpss8RegsFile)

InputXbarRegsFile 
*          1    00007900    00000020     UNINITIALIZED
                  00007900    00000020     F2837xS_GlobalVariableDefs.obj (InputXbarRegsFile)

XbarRegsFile 
*          1    00007920    00000020     UNINITIALIZED
                  00007920    00000020     F2837xS_GlobalVariableDefs.obj (XbarRegsFile)

SyncSocRegsFile 
*          1    00007940    00000006     UNINITIALIZED
                  00007940    00000006     F2837xS_GlobalVariableDefs.obj (SyncSocRegsFile)

DmaClaSrcSelRegsFile 
*          1    00007980    0000001a     UNINITIALIZED
                  00007980    0000001a     F2837xS_GlobalVariableDefs.obj (DmaClaSrcSelRegsFile)

EPwmXbarRegsFile 
*          1    00007a00    00000040     UNINITIALIZED
                  00007a00    00000040     F2837xS_GlobalVariableDefs.obj (EPwmXbarRegsFile)

OutputXbarRegsFile 
*          1    00007a80    00000040     UNINITIALIZED
                  00007a80    00000040     F2837xS_GlobalVariableDefs.obj (OutputXbarRegsFile)

GpioCtrlRegsFile 
*          1    00007c00    00000180     UNINITIALIZED
                  00007c00    00000180     F2837xS_GlobalVariableDefs.obj (GpioCtrlRegsFile)

GpioDataRegsFile 
*          1    00007f00    00000030     UNINITIALIZED
                  00007f00    00000030     F2837xS_GlobalVariableDefs.obj (GpioDataRegsFile)

Emif1RegsFile 
*          1    00047000    00000070     UNINITIALIZED
                  00047000    00000070     F2837xS_GlobalVariableDefs.obj (Emif1RegsFile)

Emif2RegsFile 
*          1    00047800    00000070     UNINITIALIZED
                  00047800    00000070     F2837xS_GlobalVariableDefs.obj (Emif2RegsFile)

FlashPumpSemaphoreRegsFile 
*          1    00050024    00000002     UNINITIALIZED
                  00050024    00000002     F2837xS_GlobalVariableDefs.obj (FlashPumpSemaphoreRegsFile)

RomPrefetchRegsFile 
*          1    0005e608    00000002     UNINITIALIZED
                  0005e608    00000002     F2837xS_GlobalVariableDefs.obj (RomPrefetchRegsFile)

DcsmZ1RegsFile 
*          1    0005f000    00000024     UNINITIALIZED
                  0005f000    00000024     F2837xS_GlobalVariableDefs.obj (DcsmZ1RegsFile)

DcsmZ2RegsFile 
*          1    0005f040    00000024     UNINITIALIZED
                  0005f040    00000024     F2837xS_GlobalVariableDefs.obj (DcsmZ2RegsFile)

DcsmCommonRegsFile 
*          1    0005f070    00000008     UNINITIALIZED
                  0005f070    00000008     F2837xS_GlobalVariableDefs.obj (DcsmCommonRegsFile)

MemCfgRegsFile 
*          1    0005f400    00000080     UNINITIALIZED
                  0005f400    00000080     F2837xS_GlobalVariableDefs.obj (MemCfgRegsFile)

Emif1ConfigRegsFile 
*          1    0005f480    00000020     UNINITIALIZED
                  0005f480    00000020     F2837xS_GlobalVariableDefs.obj (Emif1ConfigRegsFile)

Emif2ConfigRegsFile 
*          1    0005f4a0    00000020     UNINITIALIZED
                  0005f4a0    00000020     F2837xS_GlobalVariableDefs.obj (Emif2ConfigRegsFile)

AccessProtectionRegsFile 
*          1    0005f4c0    00000040     UNINITIALIZED
                  0005f4c0    00000040     F2837xS_GlobalVariableDefs.obj (AccessProtectionRegsFile)

MemoryErrorRegsFile 
*          1    0005f500    00000040     UNINITIALIZED
                  0005f500    00000040     F2837xS_GlobalVariableDefs.obj (MemoryErrorRegsFile)

RomWaitStateRegsFile 
*          1    0005f540    00000002     UNINITIALIZED
                  0005f540    00000002     F2837xS_GlobalVariableDefs.obj (RomWaitStateRegsFile)

Flash0CtrlRegsFile 
*          1    0005f800    00000182     UNINITIALIZED
                  0005f800    00000182     F2837xS_GlobalVariableDefs.obj (Flash0CtrlRegsFile)

Flash0EccRegsFile 
*          1    0005fb00    00000028     UNINITIALIZED
                  0005fb00    00000028     F2837xS_GlobalVariableDefs.obj (Flash0EccRegsFile)

Flash1CtrlRegsFile 
*          1    0005fc00    00000182     UNINITIALIZED
                  0005fc00    00000182     F2837xS_GlobalVariableDefs.obj (Flash1CtrlRegsFile)

Flash1EccRegsFile 
*          1    0005ff00    00000028     UNINITIALIZED
                  0005ff00    00000028     F2837xS_GlobalVariableDefs.obj (Flash1EccRegsFile)

DcsmZ1OtpFile 
*          1    00078000    00000020     NOLOAD SECTION
                  00078000    00000020     F2837xS_GlobalVariableDefs.obj (DcsmZ1OtpFile)

DcsmZ2OtpFile 
*          1    00078200    00000020     NOLOAD SECTION
                  00078200    00000020     F2837xS_GlobalVariableDefs.obj (DcsmZ2OtpFile)

DevCfgRegsFile 
*          1    0005d000    0000012e     UNINITIALIZED
                  0005d000    0000012e     F2837xS_GlobalVariableDefs.obj (DevCfgRegsFile)

ClkCfgRegsFile 
*          1    0005d200    00000032     UNINITIALIZED
                  0005d200    00000032     F2837xS_GlobalVariableDefs.obj (ClkCfgRegsFile)

CpuSysRegsFile 
*          1    0005d300    00000082     UNINITIALIZED
                  0005d300    00000082     F2837xS_GlobalVariableDefs.obj (CpuSysRegsFile)

.text.1    0    000820b8    00001f48     
                  000820b8    00000c16     rts2800_fpu32.lib : _printfi.obj (.text)
                  00082cce    00000585     F2837xS_DefaultISR.obj (.text:retain)
                  00083253    00000349     F2837xS_SysCtrl.obj (.text)
                  0008359c    00000240     F2837xS_Gpio.obj (.text)
                  000837dc    00000213     main.obj (.text)
                  000839ef    00000107     rts2800_fpu32.lib : ll_div28.obj (.text)
                  00083af6    000000df     main.obj (.text:retain)
                  00083bd5    000000bc     rts2800_fpu32.lib : s_scalbn.obj (.text)
                  00083c91    0000009c                       : fd_add28.obj (.text)
                  00083d2d    0000008b                       : fd_div28.obj (.text)
                  00083db8    00000083                       : fd_mpy28.obj (.text)
                  00083e3b    0000005a                       : s_frexp.obj (.text)
                  00083e95    00000056                       : boot28.obj (.text)
                  00083eeb    00000032                       : sprintf.obj (.text)
                  00083f1d    00000031                       : atoi.obj (.text)
                  00083f4e    0000002e                       : ltoa.obj (.text)
                  00083f7c    0000002a                       : fd_cmp28.obj (.text)
                  00083fa6    0000002a                       : l_div28.obj (.text)
                  00083fd0    00000029                       : exit.obj (.text)
                  00083ff9    00000005                       : strcpy.obj (.text)
                  00083ffe    00000002                       : pre_init.obj (.text)

.text.2    0    00084000    000001f9     
                  00084000    00000028     F2837xS_PieCtrl.obj (.text)
                  00084028    00000026     F2837xS_PieVect.obj (.text)
                  0008404e    00000024     rts2800_fpu32.lib : cpy_tbl.obj (.text)
                  00084072    00000024                       : s_copysign.obj (.text)
                  00084096    00000021                       : fd_toi28.obj (.text)
                  000840b7    0000001f                       : fd_tol28.obj (.text)
                  000840d6    0000001e                       : ll_cmp28.obj (.text)
                  000840f4    0000001e                       : memcpy.obj (.text)
                  00084112    0000001d                       : i_tofd28.obj (.text)
                  0008412f    0000001c                       : fs_tofdfpu32.obj (.text)
                  0008414b    0000001c                       : l_tofd28.obj (.text)
                  00084167    00000019                       : args_main.obj (.text)
                  00084180    00000018                       : ll_aox28.obj (.text)
                  00084198    0000000e                       : fd_sub28.obj (.text)
                  000841a6    0000000d                       : memccpy.obj (.text)
                  000841b3    0000000c                       : memset.obj (.text)
                  000841bf    0000000c                       : strchr.obj (.text)
                  000841cb    0000000a                       : strcmp.obj (.text)
                  000841d5    00000009                       : _lock.obj (.text)
                  000841de    00000009                       : fd_neg28.obj (.text)
                  000841e7    00000009                       : strcat.obj (.text)
                  000841f0    00000008                       : strlen.obj (.text)
                  000841f8    00000001                       : startup.obj (.text)

.ebss.1    1    0000a800    000000ad     UNINITIALIZED
                  0000a800    00000078     F2837xS_struct.obj (.ebss)
                  0000a878    00000006     rts2800_fpu32.lib : exit.obj (.ebss)
                  0000a87e    00000002                       : _lock.obj (.ebss:__lock)
                  0000a880    0000002a     main.obj (.ebss)
                  0000a8aa    00000002     rts2800_fpu32.lib : _lock.obj (.ebss:__unlock)
                  0000a8ac    00000001                       : errno.obj (.ebss)

.ebss.2    1    0000a8c0    00000018     UNINITIALIZED
                  0000a8c0    00000018     F2837xS_CpuTimers.obj (.ebss)

MODULE SUMMARY

       Module                           code   initialized data   uninitialized data
       ------                           ----   ----------------   ------------------
    ./
       F2837xS_GlobalVariableDefs.obj   0      0                  9149              
       F2837xS_DefaultISR.obj           1413   0                  0                 
       F2837xS_SysCtrl.obj              1061   0                  0                 
       F2837xS_Gpio.obj                 576    0                  0                 
       F2837xS_PieVect.obj              38     448                0                 
       F2837xS_struct.obj               0      144                120               
       F2837xS_PieCtrl.obj              40     0                  0                 
       F2837xS_CpuTimers.obj            0      0                  24                
       F2837xS_usDelay.obj              8      0                  0                 
       F2837xS_CodeStartBranch.obj      2      0                  0                 
    +--+--------------------------------+------+------------------+--------------------+
       Total:                           3138   592                9293              
                                                                                    
    ./src/
       main.obj                         754    141                42                
    +--+--------------------------------+------+------------------+--------------------+
       Total:                           754    141                42                
                                                                                    
    /home/matteo/CCS/ccsv7/tools/compiler/ti-cgt-c2000_16.9.1.LTS/lib/rts2800_fpu32.lib
       _printfi.obj                     3094   66                 0                 
       ll_div28.obj                     263    0                  0                 
       ctype.obj                        0      257                0                 
       s_scalbn.obj                     188    28                 0                 
       fd_add28.obj                     156    0                  0                 
       fd_div28.obj                     139    0                  0                 
       fd_mpy28.obj                     131    0                  0                 
       s_frexp.obj                      90     8                  0                 
       boot28.obj                       86     0                  0                 
       exit.obj                         41     14                 6                 
       sprintf.obj                      50     0                  0                 
       atoi.obj                         49     0                  0                 
       ltoa.obj                         46     0                  0                 
       fd_cmp28.obj                     42     0                  0                 
       l_div28.obj                      42     0                  0                 
       cpy_tbl.obj                      36     0                  0                 
       s_copysign.obj                   36     0                  0                 
       fd_toi28.obj                     33     0                  0                 
       fd_tol28.obj                     31     0                  0                 
       ll_cmp28.obj                     30     0                  0                 
       memcpy.obj                       30     0                  0                 
       i_tofd28.obj                     29     0                  0                 
       fs_tofdfpu32.obj                 28     0                  0                 
       l_tofd28.obj                     28     0                  0                 
       args_main.obj                    25     0                  0                 
       ll_aox28.obj                     24     0                  0                 
       _lock.obj                        9      10                 4                 
       fd_sub28.obj                     14     0                  0                 
       memccpy.obj                      13     0                  0                 
       memset.obj                       12     0                  0                 
       strchr.obj                       12     0                  0                 
       strcmp.obj                       10     0                  0                 
       fd_neg28.obj                     9      0                  0                 
       strcat.obj                       9      0                  0                 
       strlen.obj                       8      0                  0                 
       errno.obj                        0      4                  1                 
       strcpy.obj                       5      0                  0                 
       pre_init.obj                     2      0                  0                 
       startup.obj                      1      0                  0                 
    +--+--------------------------------+------+------------------+--------------------+
       Total:                           4851   387                11                
                                                                                    
       Stack:                           0      0                  512               
    +--+--------------------------------+------+------------------+--------------------+
       Grand Total:                     8743   1120               9858              


GLOBAL DATA SYMBOLS: SORTED BY DATA PAGE

address     data page           name
--------    ----------------    ----
00000400      10 (00000400)     __stack

00000b00      2c (00000b00)     _AdcaResultRegs
00000b20      2c (00000b00)     _AdcbResultRegs

00000b40      2d (00000b40)     _AdccResultRegs
00000b60      2d (00000b40)     _AdcdResultRegs

00000c00      30 (00000c00)     _CpuTimer0Regs
00000c08      30 (00000c00)     _CpuTimer1Regs
00000c10      30 (00000c00)     _CpuTimer2Regs

00000ce0      33 (00000cc0)     _Cla1SoftIntRegs
00000ce0      33 (00000cc0)     _PieCtrlRegs

00000d00      34 (00000d00)     _EmuKey
00000d00      34 (00000d00)     _PieVectTable
00000d01      34 (00000d00)     _EmuBMode

00001000      40 (00001000)     _DmaRegs

00001400      50 (00001400)     _Cla1Regs

00004000     100 (00004000)     _EPwm1Regs

00004100     104 (00004100)     _EPwm2Regs

00004200     108 (00004200)     _EPwm3Regs

00004300     10c (00004300)     _EPwm4Regs

00004400     110 (00004400)     _EPwm5Regs

00004500     114 (00004500)     _EPwm6Regs

00004600     118 (00004600)     _EPwm7Regs

00004700     11c (00004700)     _EPwm8Regs

00004800     120 (00004800)     _EPwm9Regs

00004900     124 (00004900)     _EPwm10Regs

00004a00     128 (00004a00)     _EPwm11Regs

00004b00     12c (00004b00)     _EPwm12Regs

00005000     140 (00005000)     _ECap1Regs
00005020     140 (00005000)     _ECap2Regs

00005040     141 (00005040)     _ECap3Regs
00005060     141 (00005040)     _ECap4Regs

00005080     142 (00005080)     _ECap5Regs
000050a0     142 (00005080)     _ECap6Regs

00005100     144 (00005100)     _EQep1Regs

00005140     145 (00005140)     _EQep2Regs

00005180     146 (00005180)     _EQep3Regs

00005c00     170 (00005c00)     _DacaRegs
00005c10     170 (00005c00)     _DacbRegs
00005c20     170 (00005c00)     _DaccRegs

00005c80     172 (00005c80)     _Cmpss1Regs
00005ca0     172 (00005c80)     _Cmpss2Regs

00005cc0     173 (00005cc0)     _Cmpss3Regs
00005ce0     173 (00005cc0)     _Cmpss4Regs

00005d00     174 (00005d00)     _Cmpss5Regs
00005d20     174 (00005d00)     _Cmpss6Regs

00005d40     175 (00005d40)     _Cmpss7Regs
00005d60     175 (00005d40)     _Cmpss8Regs

00005e00     178 (00005e00)     _Sdfm1Regs

00005e80     17a (00005e80)     _Sdfm2Regs

00006000     180 (00006000)     _McbspaRegs

00006040     181 (00006040)     _McbspbRegs

00006100     184 (00006100)     _SpiaRegs
00006110     184 (00006100)     _SpibRegs
00006120     184 (00006100)     _SpicRegs

00006200     188 (00006200)     _UppRegs

00007000     1c0 (00007000)     _WdRegs

00007060     1c1 (00007040)     _NmiIntruptRegs
00007070     1c1 (00007040)     _XintRegs

00007200     1c8 (00007200)     _SciaRegs
00007210     1c8 (00007200)     _ScibRegs
00007220     1c8 (00007200)     _ScicRegs
00007230     1c8 (00007200)     _ScidRegs

00007300     1cc (00007300)     _I2caRegs

00007340     1cd (00007340)     _I2cbRegs

00007400     1d0 (00007400)     _AdcaRegs

00007480     1d2 (00007480)     _AdcbRegs

00007500     1d4 (00007500)     _AdccRegs

00007580     1d6 (00007580)     _AdcdRegs

00007900     1e4 (00007900)     _InputXbarRegs
00007920     1e4 (00007900)     _XbarRegs

00007940     1e5 (00007940)     _SyncSocRegs

00007980     1e6 (00007980)     _DmaClaSrcSelRegs

00007a00     1e8 (00007a00)     _EPwmXbarRegs

00007a80     1ea (00007a80)     _OutputXbarRegs

00007c00     1f0 (00007c00)     _GpioCtrlRegs

00007f00     1fc (00007f00)     _GpioDataRegs

0000a800     2a0 (0000a800)     _SCI
0000a804     2a0 (0000a800)     _MCBSP
0000a808     2a0 (0000a800)     _I2C
0000a80c     2a0 (0000a800)     _SDFM
0000a812     2a0 (0000a800)     _EQEP
0000a81a     2a0 (0000a800)     _SPI
0000a822     2a0 (0000a800)     _ADC
0000a82c     2a0 (0000a800)     _ECAP

0000a840     2a1 (0000a840)     _EPWM
0000a85a     2a1 (0000a840)     _TRIP_SEL
0000a878     2a1 (0000a840)     ___TI_enable_exit_profile_output
0000a87a     2a1 (0000a840)     ___TI_cleanup_ptr
0000a87c     2a1 (0000a840)     ___TI_dtors_ptr
0000a87e     2a1 (0000a840)     __lock

0000a880     2a2 (0000a880)     _msg
0000a882     2a2 (0000a880)     _rxBuff
0000a886     2a2 (0000a880)     _receivedMsg
0000a896     2a2 (0000a880)     _line
0000a8aa     2a2 (0000a880)     __unlock
0000a8ac     2a2 (0000a880)     _errno

0000a8c0     2a3 (0000a8c0)     _CpuTimer1
0000a8c8     2a3 (0000a8c0)     _CpuTimer2
0000a8d0     2a3 (0000a8c0)     _CpuTimer0

00047000    11c0 (00047000)     _Emif1Regs

00047800    11e0 (00047800)     _Emif2Regs

00048000    1200 (00048000)     _CanaRegs

0004a000    1280 (0004a000)     _CanbRegs

00050024    1400 (00050000)     _FlashPumpSemaphoreRegs

0005d000    1740 (0005d000)     _DevCfgRegs

0005d180    1746 (0005d180)     _AnalogSubsysRegs

0005d200    1748 (0005d200)     _ClkCfgRegs

0005d300    174c (0005d300)     _CpuSysRegs

0005e608    1798 (0005e600)     _RomPrefetchRegs

0005f000    17c0 (0005f000)     _DcsmZ1Regs

0005f040    17c1 (0005f040)     _DcsmZ2Regs
0005f070    17c1 (0005f040)     _DcsmCommonRegs

0005f400    17d0 (0005f400)     _MemCfgRegs

0005f480    17d2 (0005f480)     _Emif1ConfigRegs
0005f4a0    17d2 (0005f480)     _Emif2ConfigRegs

0005f4c0    17d3 (0005f4c0)     _AccessProtectionRegs

0005f500    17d4 (0005f500)     _MemoryErrorRegs

0005f540    17d5 (0005f540)     _RomWaitStateRegs

0005f800    17e0 (0005f800)     _Flash0CtrlRegs

0005fb00    17ec (0005fb00)     _Flash0EccRegs

0005fc00    17f0 (0005fc00)     _Flash1CtrlRegs

0005ff00    17fc (0005ff00)     _Flash1EccRegs

00078000    1e00 (00078000)     _DcsmZ1Otp

00078200    1e08 (00078200)     _DcsmZ2Otp

00090000    2400 (00090000)     _PieVectTableInit

000901c0    2407 (000901c0)     __ctypes_


GLOBAL SYMBOLS: SORTED ALPHABETICALLY BY Name 

page  address   name                                  
----  -------   ----                                  
abs   ffffffff  .text                                 
0     00083fd0  C$$EXIT                               
0     00083c91  FD$$ADD                               
0     00083f7c  FD$$CMP                               
0     00083d2d  FD$$DIV                               
0     00083db8  FD$$MPY                               
0     000841de  FD$$NEG                               
0     00084198  FD$$SUB                               
0     00084096  FD$$TOI                               
0     000840b7  FD$$TOL                               
0     0008412f  FS$$TOFD                              
0     00084112  I$$TOFD                               
0     00083fa6  L$$DIV                                
0     00083fb5  L$$MOD                                
0     0008414b  L$$TOFD                               
0     00084180  LL$$AND                               
0     000840d6  LL$$CMP                               
0     000839ef  LL$$DIV                               
0     00083a2b  LL$$MOD                               
0     00084188  LL$$OR                                
0     00084190  LL$$XOR                               
0     00083fc3  UL$$DIV                               
0     00083fca  UL$$MOD                               
0     000840e8  ULL$$CMP                              
0     00083a65  ULL$$DIV                              
0     00083a94  ULL$$MOD                              
1     0000a822  _ADC                                  
0     00082d8c  _ADCA1_ISR                            
0     0008300c  _ADCA2_ISR                            
0     00083016  _ADCA3_ISR                            
0     00083020  _ADCA4_ISR                            
0     00083002  _ADCA_EVT_ISR                         
0     00082d96  _ADCB1_ISR                            
0     00083034  _ADCB2_ISR                            
0     0008303e  _ADCB3_ISR                            
0     00083048  _ADCB4_ISR                            
0     0008302a  _ADCB_EVT_ISR                         
0     00082da0  _ADCC1_ISR                            
0     0008319c  _ADCC2_ISR                            
0     000831a6  _ADCC3_ISR                            
0     000831b0  _ADCC4_ISR                            
0     00083192  _ADCC_EVT_ISR                         
0     00082dbe  _ADCD1_ISR                            
0     000831c4  _ADCD2_ISR                            
0     000831ce  _ADCD3_ISR                            
0     000831d8  _ADCD4_ISR                            
0     000831ba  _ADCD_EVT_ISR                         
0     00083214  _AUX_PLL_SLIP_ISR                     
1     0005f4c0  _AccessProtectionRegs                 
1     00007400  _AdcaRegs                             
1     00000b00  _AdcaResultRegs                       
1     00007480  _AdcbRegs                             
1     00000b20  _AdcbResultRegs                       
1     00007500  _AdccRegs                             
1     00000b40  _AdccResultRegs                       
1     00007580  _AdcdRegs                             
1     00000b60  _AdcdResultRegs                       
1     0005d180  _AnalogSubsysRegs                     
0     00083559  _AuxAuxClkSel                         
0     00083543  _AuxIntOsc2Sel                        
0     0008354d  _AuxXtalOscSel                        
0     00082fda  _CANA0_ISR                            
0     00082fe4  _CANA1_ISR                            
0     00082fee  _CANB0_ISR                            
0     00082ff8  _CANB1_ISR                            
0     00083052  _CLA1_1_ISR                           
0     0008305c  _CLA1_2_ISR                           
0     00083066  _CLA1_3_ISR                           
0     00083070  _CLA1_4_ISR                           
0     0008307a  _CLA1_5_ISR                           
0     00083084  _CLA1_6_ISR                           
0     0008308e  _CLA1_7_ISR                           
0     00083098  _CLA1_8_ISR                           
0     0008321e  _CLA_OVERFLOW_ISR                     
0     00083228  _CLA_UNDERFLOW_ISR                    
1     00048000  _CanaRegs                             
1     0004a000  _CanbRegs                             
1     00001400  _Cla1Regs                             
0     00000ce0  _Cla1SoftIntRegs                      
1     0005d200  _ClkCfgRegs                           
1     00005c80  _Cmpss1Regs                           
1     00005ca0  _Cmpss2Regs                           
1     00005cc0  _Cmpss3Regs                           
1     00005ce0  _Cmpss4Regs                           
1     00005d00  _Cmpss5Regs                           
1     00005d20  _Cmpss6Regs                           
1     00005d40  _Cmpss7Regs                           
1     00005d60  _Cmpss8Regs                           
1     0005d300  _CpuSysRegs                           
1     0000a8d0  _CpuTimer0                            
1     00000c00  _CpuTimer0Regs                        
1     0000a8c0  _CpuTimer1                            
1     00000c08  _CpuTimer1Regs                        
1     0000a8c8  _CpuTimer2                            
1     00000c10  _CpuTimer2Regs                        
0     000834fe  _CsmUnlock                            
0     00082ce2  _DATALOG_ISR                          
0     00082f26  _DMA_CH1_ISR                          
0     00082f30  _DMA_CH2_ISR                          
0     00082f3a  _DMA_CH3_ISR                          
0     00082f44  _DMA_CH4_ISR                          
0     00082f4e  _DMA_CH5_ISR                          
0     00082f58  _DMA_CH6_ISR                          
1     00005c00  _DacaRegs                             
1     00005c10  _DacbRegs                             
1     00005c20  _DaccRegs                             
1     0005f070  _DcsmCommonRegs                       
1     00078000  _DcsmZ1Otp                            
1     0005f000  _DcsmZ1Regs                           
1     00078200  _DcsmZ2Otp                            
1     0005f040  _DcsmZ2Regs                           
1     0005d000  _DevCfgRegs                           
0     00083362  _DisableDog                           
0     00083314  _DisablePeripheralClocks              
1     00007980  _DmaClaSrcSelRegs                     
1     00001000  _DmaRegs                              
1     0000a82c  _ECAP                                 
0     00082e7c  _ECAP1_ISR                            
0     00082e86  _ECAP2_ISR                            
0     00082e90  _ECAP3_ISR                            
0     00082e9a  _ECAP4_ISR                            
0     00082ea4  _ECAP5_ISR                            
0     00082eae  _ECAP6_ISR                            
1     00005000  _ECap1Regs                            
1     00005020  _ECap2Regs                            
1     00005040  _ECap3Regs                            
1     00005060  _ECap4Regs                            
1     00005080  _ECap5Regs                            
1     000050a0  _ECap6Regs                            
0     000831e2  _EMIF_ERROR_ISR                       
0     0008323c  _EMPTY_ISR                            
0     00082cf6  _EMU_ISR                              
1     0000a840  _EPWM                                 
0     00083138  _EPWM10_ISR                           
0     00083110  _EPWM10_TZ_ISR                        
0     00083142  _EPWM11_ISR                           
0     0008311a  _EPWM11_TZ_ISR                        
0     0008314c  _EPWM12_ISR                           
0     00083124  _EPWM12_TZ_ISR                        
0     00082e2c  _EPWM1_ISR                            
0     00082ddc  _EPWM1_TZ_ISR                         
0     00082e36  _EPWM2_ISR                            
0     00082de6  _EPWM2_TZ_ISR                         
0     00082e40  _EPWM3_ISR                            
0     00082df0  _EPWM3_TZ_ISR                         
0     00082e4a  _EPWM4_ISR                            
0     00082dfa  _EPWM4_TZ_ISR                         
0     00082e54  _EPWM5_ISR                            
0     00082e04  _EPWM5_TZ_ISR                         
0     00082e5e  _EPWM6_ISR                            
0     00082e0e  _EPWM6_TZ_ISR                         
0     00082e68  _EPWM7_ISR                            
0     00082e18  _EPWM7_TZ_ISR                         
0     00082e72  _EPWM8_ISR                            
0     00082e22  _EPWM8_TZ_ISR                         
0     0008312e  _EPWM9_ISR                            
0     00083106  _EPWM9_TZ_ISR                         
1     00004900  _EPwm10Regs                           
1     00004a00  _EPwm11Regs                           
1     00004b00  _EPwm12Regs                           
1     00004000  _EPwm1Regs                            
1     00004100  _EPwm2Regs                            
1     00004200  _EPwm3Regs                            
1     00004300  _EPwm4Regs                            
1     00004400  _EPwm5Regs                            
1     00004500  _EPwm6Regs                            
1     00004600  _EPwm7Regs                            
1     00004700  _EPwm8Regs                            
1     00004800  _EPwm9Regs                            
1     00007a00  _EPwmXbarRegs                         
1     0000a812  _EQEP                                 
0     00082eb8  _EQEP1_ISR                            
0     00082ec2  _EQEP2_ISR                            
0     00082ecc  _EQEP3_ISR                            
1     00005100  _EQep1Regs                            
1     00005140  _EQep2Regs                            
1     00005180  _EQep3Regs                            
1     0005f480  _Emif1ConfigRegs                      
1     00047000  _Emif1Regs                            
1     0005f4a0  _Emif2ConfigRegs                      
1     00047800  _Emif2Regs                            
1     00000d01  _EmuBMode                             
1     00000d00  _EmuKey                               
0     0008401f  _EnableInterrupts                     
0     0000806e  _F28x_usDelay                         
0     000831f6  _FLASH_CORRECTABLE_ERROR_ISR          
0     000830ca  _FPU_OVERFLOW_ISR                     
0     000830d4  _FPU_UNDERFLOW_ISR                    
1     0005f800  _Flash0CtrlRegs                       
1     0005fb00  _Flash0EccRegs                        
1     0005fc00  _Flash1CtrlRegs                       
1     0005ff00  _Flash1EccRegs                        
0     00008052  _FlashOff_Bank0                       
0     00008060  _FlashOff_Bank1                       
1     00050024  _FlashPumpSemaphoreRegs               
0     00083791  _GPIO_EnableUnbondedIOPullups         
0     0008376c  _GPIO_EnableUnbondedIOPullupsFor100Pin
0     00083753  _GPIO_EnableUnbondedIOPullupsFor176Pin
0     000837a7  _GPIO_ReadPin                         
0     000836f8  _GPIO_SetupLock                       
0     000835dc  _GPIO_SetupPinMux                     
0     00083664  _GPIO_SetupPinOptions                 
0     00083721  _GPIO_SetupXINT1Gpio                  
0     0008372b  _GPIO_SetupXINT2Gpio                  
0     00083735  _GPIO_SetupXINT3Gpio                  
0     0008373f  _GPIO_SetupXINT4Gpio                  
0     00083749  _GPIO_SetupXINT5Gpio                  
0     000837be  _GPIO_WritePin                        
1     00007c00  _GpioCtrlRegs                         
1     00007f00  _GpioDataRegs                         
0     00083577  _HALT                                 
0     00083588  _HIB                                  
1     0000a808  _I2C                                  
0     00082f6c  _I2CA_FIFO_ISR                        
0     00082f62  _I2CA_ISR                             
0     00082f80  _I2CB_FIFO_ISR                        
0     00082f76  _I2CB_ISR                             
1     00007300  _I2caRegs                             
1     00007340  _I2cbRegs                             
0     00083563  _IDLE                                 
0     00082d0a  _ILLEGAL_ISR                          
0     000830de  _IPC0_ISR                             
0     000830e8  _IPC1_ISR                             
0     000830f2  _IPC2_ISR                             
0     000830fc  _IPC3_ISR                             
0     00083436  _InitAuxPll                           
0     00008000  _InitFlash_Bank0                      
0     00008029  _InitFlash_Bank1                      
0     0008359c  _InitGpio                             
0     00083290  _InitPeripheralClocks                 
0     00084000  _InitPieCtrl                          
0     00084028  _InitPieVectTable                     
0     00083253  _InitSysCtrl                          
0     00083370  _InitSysPll                           
1     00007900  _InputXbarRegs                        
1     0000a804  _MCBSP                                
0     00082efe  _MCBSPA_RX_ISR                        
0     00082f08  _MCBSPA_TX_ISR                        
0     00082f12  _MCBSPB_RX_ISR                        
0     00082f1c  _MCBSPB_TX_ISR                        
1     00006000  _McbspaRegs                           
1     00006040  _McbspbRegs                           
1     0005f400  _MemCfgRegs                           
1     0005f500  _MemoryErrorRegs                      
0     00083876  _MyGpioSetup                          
0     000839c4  _MyISRSetup                           
0     00083800  _MySCIASetup                          
0     00083813  _MySCICSetup                          
0     000839e6  _MyXINTSetup                          
0     00082d00  _NMI_ISR                              
0     00083249  _NOTUSED_ISR                          
1     00007060  _NmiIntruptRegs                       
1     00007a80  _OutputXbarRegs                       
0     00083232  _PIE_RESERVED_ISR                     
1     00000ce0  _PieCtrlRegs                          
1     00000d00  _PieVectTable                         
0     00090000  _PieVectTableInit                     
0     00083200  _RAM_ACCESS_VIOLATION_ISR             
0     000831ec  _RAM_CORRECTABLE_ERROR_ISR            
0     00082cec  _RTOS_ISR                             
0     00086072  _RamfuncsLoadEnd                      
abs   00000072  _RamfuncsLoadSize                     
0     00086000  _RamfuncsLoadStart                    
0     00008072  _RamfuncsRunEnd                       
abs   00000072  _RamfuncsRunSize                      
0     00008000  _RamfuncsRunStart                     
0     0008334a  _ReleaseFlashPump                     
1     0005e608  _RomPrefetchRegs                      
1     0005f540  _RomWaitStateRegs                     
1     0000a800  _SCI                                  
0     00083826  _SCIAFifoInit                         
0     0008383c  _SCIASendMsg                          
0     0008382e  _SCIAXmit                             
0     00082fb2  _SCIA_RX_ISR                          
0     00082fbc  _SCIA_TX_ISR                          
0     00082fc6  _SCIB_RX_ISR                          
0     00082fd0  _SCIB_TX_ISR                          
0     0008384f  _SCICFifoInit                         
0     00083863  _SCICSendMsg                          
0     00083857  _SCICXmit                             
0     00082f8a  _SCIC_RX_ISR                          
0     00082f94  _SCIC_TX_ISR                          
0     00082f9e  _SCID_RX_ISR                          
0     00082fa8  _SCID_TX_ISR                          
0     00083156  _SD1_ISR                              
0     00083160  _SD2_ISR                              
1     0000a80c  _SDFM                                 
1     0000a81a  _SPI                                  
0     00082ed6  _SPIA_RX_ISR                          
0     00082ee0  _SPIA_TX_ISR                          
0     00082eea  _SPIB_RX_ISR                          
0     00082ef4  _SPIB_TX_ISR                          
0     0008316a  _SPIC_RX_ISR                          
0     00083174  _SPIC_TX_ISR                          
0     0008356c  _STANDBY                              
0     0008320a  _SYS_PLL_SLIP_ISR                     
1     00007200  _SciaRegs                             
1     00007210  _ScibRegs                             
1     00007220  _ScicRegs                             
1     00007230  _ScidRegs                             
1     00005e00  _Sdfm1Regs                            
1     00005e80  _Sdfm2Regs                            
0     0008332c  _SeizeFlashPump_Bank0                 
0     0008333b  _SeizeFlashPump_Bank1                 
0     00083354  _ServiceDog                           
1     00006100  _SpiaRegs                             
1     00006110  _SpibRegs                             
1     00006120  _SpicRegs                             
1     00007940  _SyncSocRegs                          
0     0008351f  _SysIntOsc1Sel                        
0     0008352b  _SysIntOsc2Sel                        
0     00083537  _SysXtalOscSel                        
0     00082dc8  _TIMER0_ISR                           
0     00082cce  _TIMER1_ISR                           
0     00082cd8  _TIMER2_ISR                           
1     0000a85a  _TRIP_SEL                             
0     0008317e  _UPPA_ISR                             
0     00083188  _USBA_ISR                             
0     00082d6e  _USER10_ISR                           
0     00082d78  _USER11_ISR                           
0     00082d82  _USER12_ISR                           
0     00082d14  _USER1_ISR                            
0     00082d1e  _USER2_ISR                            
0     00082d28  _USER3_ISR                            
0     00082d32  _USER4_ISR                            
0     00082d3c  _USER5_ISR                            
0     00082d46  _USER6_ISR                            
0     00082d50  _USER7_ISR                            
0     00082d5a  _USER8_ISR                            
0     00082d64  _USER9_ISR                            
1     00006200  _UppRegs                              
0     000830c0  _VCU_ISR                              
0     00082dd2  _WAKE_ISR                             
1     00007000  _WdRegs                               
0     00082daa  _XINT1_ISR                            
0     00082db4  _XINT2_ISR                            
0     000830a2  _XINT3_ISR                            
0     000830ac  _XINT4_ISR                            
0     000830b6  _XINT5_ISR                            
1     00007920  _XbarRegs                             
1     00007070  _XintRegs                             
1     00000600  __STACK_END                           
abs   00000200  __STACK_SIZE                          
1     0000a87a  ___TI_cleanup_ptr                     
1     0000a87c  ___TI_dtors_ptr                       
1     0000a878  ___TI_enable_exit_profile_output      
abs   ffffffff  ___TI_pprof_out_hndl                  
0     00082b9b  ___TI_printfi                         
abs   ffffffff  ___TI_prof_data_size                  
abs   ffffffff  ___TI_prof_data_start                 
abs   ffffffff  ___binit__                            
abs   ffffffff  ___c_args__                           
0     00082000  ___cinit__                            
abs   ffffffff  ___etext__                            
abs   ffffffff  ___pinit__                            
abs   ffffffff  ___text__                             
0     00084167  __args_main                           
0     000901c0  __ctypes_                             
1     0000a87e  __lock                                
0     000841dd  __nop                                 
0     000841d9  __register_lock                       
0     000841d5  __register_unlock                     
1     00000400  __stack                               
0     000841f8  __system_post_cinit                   
0     00083ffe  __system_pre_init                     
1     0000a8aa  __unlock                              
0     00083fd0  _abort                                
0     00083f1d  _atoi                                 
0     00083e95  _c_int00                              
0     0008404e  _copy_in                              
0     00084072  _copysignl                            
1     0000a8ac  _errno                                
0     00083fd2  _exit                                 
0     00083e3b  _frexpl                               
0     00083bd5  _ldexpl                               
1     0000a896  _line                                 
0     00083f4e  _ltoa                                 
0     000837dc  _main                                 
0     000841a6  _memccpy                              
0     000840f4  _memcpy                               
0     000841b3  _memset                               
1     0000a880  _msg                                  
0     000838b9  _msgDecoder                           
1     0000a886  _receivedMsg                          
1     0000a882  _rxBuff                               
0     00083bd5  _scalbnl                              
0     00083b43  _sciaRX_isr                           
0     00083baf  _sciaTX_isr                           
0     00083eeb  _sprintf                              
0     000841e7  _strcat                               
0     000841bf  _strchr                               
0     000841cb  _strcmp                               
0     00083ff9  _strcpy                               
0     000841f0  _strlen                               
0     00083af6  _xint1_isr                            
abs   ffffffff  binit                                 
0     00082000  cinit                                 
0     00080000  code_start                            
abs   ffffffff  etext                                 
abs   ffffffff  pinit                                 


GLOBAL SYMBOLS: SORTED BY Symbol Address 

page  address   name                                  
----  -------   ----                                  
0     00000ce0  _Cla1SoftIntRegs                      
0     00008000  _InitFlash_Bank0                      
0     00008000  _RamfuncsRunStart                     
0     00008029  _InitFlash_Bank1                      
0     00008052  _FlashOff_Bank0                       
0     00008060  _FlashOff_Bank1                       
0     0000806e  _F28x_usDelay                         
0     00008072  _RamfuncsRunEnd                       
0     00080000  code_start                            
0     00082000  ___cinit__                            
0     00082000  cinit                                 
0     00082b9b  ___TI_printfi                         
0     00082cce  _TIMER1_ISR                           
0     00082cd8  _TIMER2_ISR                           
0     00082ce2  _DATALOG_ISR                          
0     00082cec  _RTOS_ISR                             
0     00082cf6  _EMU_ISR                              
0     00082d00  _NMI_ISR                              
0     00082d0a  _ILLEGAL_ISR                          
0     00082d14  _USER1_ISR                            
0     00082d1e  _USER2_ISR                            
0     00082d28  _USER3_ISR                            
0     00082d32  _USER4_ISR                            
0     00082d3c  _USER5_ISR                            
0     00082d46  _USER6_ISR                            
0     00082d50  _USER7_ISR                            
0     00082d5a  _USER8_ISR                            
0     00082d64  _USER9_ISR                            
0     00082d6e  _USER10_ISR                           
0     00082d78  _USER11_ISR                           
0     00082d82  _USER12_ISR                           
0     00082d8c  _ADCA1_ISR                            
0     00082d96  _ADCB1_ISR                            
0     00082da0  _ADCC1_ISR                            
0     00082daa  _XINT1_ISR                            
0     00082db4  _XINT2_ISR                            
0     00082dbe  _ADCD1_ISR                            
0     00082dc8  _TIMER0_ISR                           
0     00082dd2  _WAKE_ISR                             
0     00082ddc  _EPWM1_TZ_ISR                         
0     00082de6  _EPWM2_TZ_ISR                         
0     00082df0  _EPWM3_TZ_ISR                         
0     00082dfa  _EPWM4_TZ_ISR                         
0     00082e04  _EPWM5_TZ_ISR                         
0     00082e0e  _EPWM6_TZ_ISR                         
0     00082e18  _EPWM7_TZ_ISR                         
0     00082e22  _EPWM8_TZ_ISR                         
0     00082e2c  _EPWM1_ISR                            
0     00082e36  _EPWM2_ISR                            
0     00082e40  _EPWM3_ISR                            
0     00082e4a  _EPWM4_ISR                            
0     00082e54  _EPWM5_ISR                            
0     00082e5e  _EPWM6_ISR                            
0     00082e68  _EPWM7_ISR                            
0     00082e72  _EPWM8_ISR                            
0     00082e7c  _ECAP1_ISR                            
0     00082e86  _ECAP2_ISR                            
0     00082e90  _ECAP3_ISR                            
0     00082e9a  _ECAP4_ISR                            
0     00082ea4  _ECAP5_ISR                            
0     00082eae  _ECAP6_ISR                            
0     00082eb8  _EQEP1_ISR                            
0     00082ec2  _EQEP2_ISR                            
0     00082ecc  _EQEP3_ISR                            
0     00082ed6  _SPIA_RX_ISR                          
0     00082ee0  _SPIA_TX_ISR                          
0     00082eea  _SPIB_RX_ISR                          
0     00082ef4  _SPIB_TX_ISR                          
0     00082efe  _MCBSPA_RX_ISR                        
0     00082f08  _MCBSPA_TX_ISR                        
0     00082f12  _MCBSPB_RX_ISR                        
0     00082f1c  _MCBSPB_TX_ISR                        
0     00082f26  _DMA_CH1_ISR                          
0     00082f30  _DMA_CH2_ISR                          
0     00082f3a  _DMA_CH3_ISR                          
0     00082f44  _DMA_CH4_ISR                          
0     00082f4e  _DMA_CH5_ISR                          
0     00082f58  _DMA_CH6_ISR                          
0     00082f62  _I2CA_ISR                             
0     00082f6c  _I2CA_FIFO_ISR                        
0     00082f76  _I2CB_ISR                             
0     00082f80  _I2CB_FIFO_ISR                        
0     00082f8a  _SCIC_RX_ISR                          
0     00082f94  _SCIC_TX_ISR                          
0     00082f9e  _SCID_RX_ISR                          
0     00082fa8  _SCID_TX_ISR                          
0     00082fb2  _SCIA_RX_ISR                          
0     00082fbc  _SCIA_TX_ISR                          
0     00082fc6  _SCIB_RX_ISR                          
0     00082fd0  _SCIB_TX_ISR                          
0     00082fda  _CANA0_ISR                            
0     00082fe4  _CANA1_ISR                            
0     00082fee  _CANB0_ISR                            
0     00082ff8  _CANB1_ISR                            
0     00083002  _ADCA_EVT_ISR                         
0     0008300c  _ADCA2_ISR                            
0     00083016  _ADCA3_ISR                            
0     00083020  _ADCA4_ISR                            
0     0008302a  _ADCB_EVT_ISR                         
0     00083034  _ADCB2_ISR                            
0     0008303e  _ADCB3_ISR                            
0     00083048  _ADCB4_ISR                            
0     00083052  _CLA1_1_ISR                           
0     0008305c  _CLA1_2_ISR                           
0     00083066  _CLA1_3_ISR                           
0     00083070  _CLA1_4_ISR                           
0     0008307a  _CLA1_5_ISR                           
0     00083084  _CLA1_6_ISR                           
0     0008308e  _CLA1_7_ISR                           
0     00083098  _CLA1_8_ISR                           
0     000830a2  _XINT3_ISR                            
0     000830ac  _XINT4_ISR                            
0     000830b6  _XINT5_ISR                            
0     000830c0  _VCU_ISR                              
0     000830ca  _FPU_OVERFLOW_ISR                     
0     000830d4  _FPU_UNDERFLOW_ISR                    
0     000830de  _IPC0_ISR                             
0     000830e8  _IPC1_ISR                             
0     000830f2  _IPC2_ISR                             
0     000830fc  _IPC3_ISR                             
0     00083106  _EPWM9_TZ_ISR                         
0     00083110  _EPWM10_TZ_ISR                        
0     0008311a  _EPWM11_TZ_ISR                        
0     00083124  _EPWM12_TZ_ISR                        
0     0008312e  _EPWM9_ISR                            
0     00083138  _EPWM10_ISR                           
0     00083142  _EPWM11_ISR                           
0     0008314c  _EPWM12_ISR                           
0     00083156  _SD1_ISR                              
0     00083160  _SD2_ISR                              
0     0008316a  _SPIC_RX_ISR                          
0     00083174  _SPIC_TX_ISR                          
0     0008317e  _UPPA_ISR                             
0     00083188  _USBA_ISR                             
0     00083192  _ADCC_EVT_ISR                         
0     0008319c  _ADCC2_ISR                            
0     000831a6  _ADCC3_ISR                            
0     000831b0  _ADCC4_ISR                            
0     000831ba  _ADCD_EVT_ISR                         
0     000831c4  _ADCD2_ISR                            
0     000831ce  _ADCD3_ISR                            
0     000831d8  _ADCD4_ISR                            
0     000831e2  _EMIF_ERROR_ISR                       
0     000831ec  _RAM_CORRECTABLE_ERROR_ISR            
0     000831f6  _FLASH_CORRECTABLE_ERROR_ISR          
0     00083200  _RAM_ACCESS_VIOLATION_ISR             
0     0008320a  _SYS_PLL_SLIP_ISR                     
0     00083214  _AUX_PLL_SLIP_ISR                     
0     0008321e  _CLA_OVERFLOW_ISR                     
0     00083228  _CLA_UNDERFLOW_ISR                    
0     00083232  _PIE_RESERVED_ISR                     
0     0008323c  _EMPTY_ISR                            
0     00083249  _NOTUSED_ISR                          
0     00083253  _InitSysCtrl                          
0     00083290  _InitPeripheralClocks                 
0     00083314  _DisablePeripheralClocks              
0     0008332c  _SeizeFlashPump_Bank0                 
0     0008333b  _SeizeFlashPump_Bank1                 
0     0008334a  _ReleaseFlashPump                     
0     00083354  _ServiceDog                           
0     00083362  _DisableDog                           
0     00083370  _InitSysPll                           
0     00083436  _InitAuxPll                           
0     000834fe  _CsmUnlock                            
0     0008351f  _SysIntOsc1Sel                        
0     0008352b  _SysIntOsc2Sel                        
0     00083537  _SysXtalOscSel                        
0     00083543  _AuxIntOsc2Sel                        
0     0008354d  _AuxXtalOscSel                        
0     00083559  _AuxAuxClkSel                         
0     00083563  _IDLE                                 
0     0008356c  _STANDBY                              
0     00083577  _HALT                                 
0     00083588  _HIB                                  
0     0008359c  _InitGpio                             
0     000835dc  _GPIO_SetupPinMux                     
0     00083664  _GPIO_SetupPinOptions                 
0     000836f8  _GPIO_SetupLock                       
0     00083721  _GPIO_SetupXINT1Gpio                  
0     0008372b  _GPIO_SetupXINT2Gpio                  
0     00083735  _GPIO_SetupXINT3Gpio                  
0     0008373f  _GPIO_SetupXINT4Gpio                  
0     00083749  _GPIO_SetupXINT5Gpio                  
0     00083753  _GPIO_EnableUnbondedIOPullupsFor176Pin
0     0008376c  _GPIO_EnableUnbondedIOPullupsFor100Pin
0     00083791  _GPIO_EnableUnbondedIOPullups         
0     000837a7  _GPIO_ReadPin                         
0     000837be  _GPIO_WritePin                        
0     000837dc  _main                                 
0     00083800  _MySCIASetup                          
0     00083813  _MySCICSetup                          
0     00083826  _SCIAFifoInit                         
0     0008382e  _SCIAXmit                             
0     0008383c  _SCIASendMsg                          
0     0008384f  _SCICFifoInit                         
0     00083857  _SCICXmit                             
0     00083863  _SCICSendMsg                          
0     00083876  _MyGpioSetup                          
0     000838b9  _msgDecoder                           
0     000839c4  _MyISRSetup                           
0     000839e6  _MyXINTSetup                          
0     000839ef  LL$$DIV                               
0     00083a2b  LL$$MOD                               
0     00083a65  ULL$$DIV                              
0     00083a94  ULL$$MOD                              
0     00083af6  _xint1_isr                            
0     00083b43  _sciaRX_isr                           
0     00083baf  _sciaTX_isr                           
0     00083bd5  _ldexpl                               
0     00083bd5  _scalbnl                              
0     00083c91  FD$$ADD                               
0     00083d2d  FD$$DIV                               
0     00083db8  FD$$MPY                               
0     00083e3b  _frexpl                               
0     00083e95  _c_int00                              
0     00083eeb  _sprintf                              
0     00083f1d  _atoi                                 
0     00083f4e  _ltoa                                 
0     00083f7c  FD$$CMP                               
0     00083fa6  L$$DIV                                
0     00083fb5  L$$MOD                                
0     00083fc3  UL$$DIV                               
0     00083fca  UL$$MOD                               
0     00083fd0  C$$EXIT                               
0     00083fd0  _abort                                
0     00083fd2  _exit                                 
0     00083ff9  _strcpy                               
0     00083ffe  __system_pre_init                     
0     00084000  _InitPieCtrl                          
0     0008401f  _EnableInterrupts                     
0     00084028  _InitPieVectTable                     
0     0008404e  _copy_in                              
0     00084072  _copysignl                            
0     00084096  FD$$TOI                               
0     000840b7  FD$$TOL                               
0     000840d6  LL$$CMP                               
0     000840e8  ULL$$CMP                              
0     000840f4  _memcpy                               
0     00084112  I$$TOFD                               
0     0008412f  FS$$TOFD                              
0     0008414b  L$$TOFD                               
0     00084167  __args_main                           
0     00084180  LL$$AND                               
0     00084188  LL$$OR                                
0     00084190  LL$$XOR                               
0     00084198  FD$$SUB                               
0     000841a6  _memccpy                              
0     000841b3  _memset                               
0     000841bf  _strchr                               
0     000841cb  _strcmp                               
0     000841d5  __register_unlock                     
0     000841d9  __register_lock                       
0     000841dd  __nop                                 
0     000841de  FD$$NEG                               
0     000841e7  _strcat                               
0     000841f0  _strlen                               
0     000841f8  __system_post_cinit                   
0     00086000  _RamfuncsLoadStart                    
0     00086072  _RamfuncsLoadEnd                      
0     00090000  _PieVectTableInit                     
0     000901c0  __ctypes_                             
1     00000400  __stack                               
1     00000600  __STACK_END                           
1     00000b00  _AdcaResultRegs                       
1     00000b20  _AdcbResultRegs                       
1     00000b40  _AdccResultRegs                       
1     00000b60  _AdcdResultRegs                       
1     00000c00  _CpuTimer0Regs                        
1     00000c08  _CpuTimer1Regs                        
1     00000c10  _CpuTimer2Regs                        
1     00000ce0  _PieCtrlRegs                          
1     00000d00  _EmuKey                               
1     00000d00  _PieVectTable                         
1     00000d01  _EmuBMode                             
1     00001000  _DmaRegs                              
1     00001400  _Cla1Regs                             
1     00004000  _EPwm1Regs                            
1     00004100  _EPwm2Regs                            
1     00004200  _EPwm3Regs                            
1     00004300  _EPwm4Regs                            
1     00004400  _EPwm5Regs                            
1     00004500  _EPwm6Regs                            
1     00004600  _EPwm7Regs                            
1     00004700  _EPwm8Regs                            
1     00004800  _EPwm9Regs                            
1     00004900  _EPwm10Regs                           
1     00004a00  _EPwm11Regs                           
1     00004b00  _EPwm12Regs                           
1     00005000  _ECap1Regs                            
1     00005020  _ECap2Regs                            
1     00005040  _ECap3Regs                            
1     00005060  _ECap4Regs                            
1     00005080  _ECap5Regs                            
1     000050a0  _ECap6Regs                            
1     00005100  _EQep1Regs                            
1     00005140  _EQep2Regs                            
1     00005180  _EQep3Regs                            
1     00005c00  _DacaRegs                             
1     00005c10  _DacbRegs                             
1     00005c20  _DaccRegs                             
1     00005c80  _Cmpss1Regs                           
1     00005ca0  _Cmpss2Regs                           
1     00005cc0  _Cmpss3Regs                           
1     00005ce0  _Cmpss4Regs                           
1     00005d00  _Cmpss5Regs                           
1     00005d20  _Cmpss6Regs                           
1     00005d40  _Cmpss7Regs                           
1     00005d60  _Cmpss8Regs                           
1     00005e00  _Sdfm1Regs                            
1     00005e80  _Sdfm2Regs                            
1     00006000  _McbspaRegs                           
1     00006040  _McbspbRegs                           
1     00006100  _SpiaRegs                             
1     00006110  _SpibRegs                             
1     00006120  _SpicRegs                             
1     00006200  _UppRegs                              
1     00007000  _WdRegs                               
1     00007060  _NmiIntruptRegs                       
1     00007070  _XintRegs                             
1     00007200  _SciaRegs                             
1     00007210  _ScibRegs                             
1     00007220  _ScicRegs                             
1     00007230  _ScidRegs                             
1     00007300  _I2caRegs                             
1     00007340  _I2cbRegs                             
1     00007400  _AdcaRegs                             
1     00007480  _AdcbRegs                             
1     00007500  _AdccRegs                             
1     00007580  _AdcdRegs                             
1     00007900  _InputXbarRegs                        
1     00007920  _XbarRegs                             
1     00007940  _SyncSocRegs                          
1     00007980  _DmaClaSrcSelRegs                     
1     00007a00  _EPwmXbarRegs                         
1     00007a80  _OutputXbarRegs                       
1     00007c00  _GpioCtrlRegs                         
1     00007f00  _GpioDataRegs                         
1     0000a800  _SCI                                  
1     0000a804  _MCBSP                                
1     0000a808  _I2C                                  
1     0000a80c  _SDFM                                 
1     0000a812  _EQEP                                 
1     0000a81a  _SPI                                  
1     0000a822  _ADC                                  
1     0000a82c  _ECAP                                 
1     0000a840  _EPWM                                 
1     0000a85a  _TRIP_SEL                             
1     0000a878  ___TI_enable_exit_profile_output      
1     0000a87a  ___TI_cleanup_ptr                     
1     0000a87c  ___TI_dtors_ptr                       
1     0000a87e  __lock                                
1     0000a880  _msg                                  
1     0000a882  _rxBuff                               
1     0000a886  _receivedMsg                          
1     0000a896  _line                                 
1     0000a8aa  __unlock                              
1     0000a8ac  _errno                                
1     0000a8c0  _CpuTimer1                            
1     0000a8c8  _CpuTimer2                            
1     0000a8d0  _CpuTimer0                            
1     00047000  _Emif1Regs                            
1     00047800  _Emif2Regs                            
1     00048000  _CanaRegs                             
1     0004a000  _CanbRegs                             
1     00050024  _FlashPumpSemaphoreRegs               
1     0005d000  _DevCfgRegs                           
1     0005d180  _AnalogSubsysRegs                     
1     0005d200  _ClkCfgRegs                           
1     0005d300  _CpuSysRegs                           
1     0005e608  _RomPrefetchRegs                      
1     0005f000  _DcsmZ1Regs                           
1     0005f040  _DcsmZ2Regs                           
1     0005f070  _DcsmCommonRegs                       
1     0005f400  _MemCfgRegs                           
1     0005f480  _Emif1ConfigRegs                      
1     0005f4a0  _Emif2ConfigRegs                      
1     0005f4c0  _AccessProtectionRegs                 
1     0005f500  _MemoryErrorRegs                      
1     0005f540  _RomWaitStateRegs                     
1     0005f800  _Flash0CtrlRegs                       
1     0005fb00  _Flash0EccRegs                        
1     0005fc00  _Flash1CtrlRegs                       
1     0005ff00  _Flash1EccRegs                        
1     00078000  _DcsmZ1Otp                            
1     00078200  _DcsmZ2Otp                            
abs   00000072  _RamfuncsLoadSize                     
abs   00000072  _RamfuncsRunSize                      
abs   00000200  __STACK_SIZE                          
abs   ffffffff  .text                                 
abs   ffffffff  ___TI_pprof_out_hndl                  
abs   ffffffff  ___TI_prof_data_size                  
abs   ffffffff  ___TI_prof_data_start                 
abs   ffffffff  ___binit__                            
abs   ffffffff  ___c_args__                           
abs   ffffffff  ___etext__                            
abs   ffffffff  ___pinit__                            
abs   ffffffff  ___text__                             
abs   ffffffff  binit                                 
abs   ffffffff  etext                                 
abs   ffffffff  pinit                                 

[400 symbols]
