<?xml version="1.0"?>
<link_info>
   <banner>TMS320C2000 Linker Unix v16.9.1.LTS</banner>
   <copyright>Copyright (c) 1996-2015 Texas Instruments Incorporated</copyright>
   <link_time>0x5915a1dc</link_time>
   <link_errors>0x0</link_errors>
   <output_file>launchpadXL_progressive_tests.out</output_file>
   <entry_point>
      <name>code_start</name>
      <address>0x80000</address>
   </entry_point>
   <input_file_list>
      <input_file id="fl-2">
         <path>./</path>
         <kind>object</kind>
         <file>F2837xS_CodeStartBranch.obj</file>
         <name>F2837xS_CodeStartBranch.obj</name>
      </input_file>
      <input_file id="fl-3">
         <path>./</path>
         <kind>object</kind>
         <file>F2837xS_CpuTimers.obj</file>
         <name>F2837xS_CpuTimers.obj</name>
      </input_file>
      <input_file id="fl-4">
         <path>./</path>
         <kind>object</kind>
         <file>F2837xS_DefaultISR.obj</file>
         <name>F2837xS_DefaultISR.obj</name>
      </input_file>
      <input_file id="fl-5">
         <path>./</path>
         <kind>object</kind>
         <file>F2837xS_GlobalVariableDefs.obj</file>
         <name>F2837xS_GlobalVariableDefs.obj</name>
      </input_file>
      <input_file id="fl-6">
         <path>./</path>
         <kind>object</kind>
         <file>F2837xS_Gpio.obj</file>
         <name>F2837xS_Gpio.obj</name>
      </input_file>
      <input_file id="fl-7">
         <path>./</path>
         <kind>object</kind>
         <file>F2837xS_PieCtrl.obj</file>
         <name>F2837xS_PieCtrl.obj</name>
      </input_file>
      <input_file id="fl-8">
         <path>./</path>
         <kind>object</kind>
         <file>F2837xS_PieVect.obj</file>
         <name>F2837xS_PieVect.obj</name>
      </input_file>
      <input_file id="fl-9">
         <path>./</path>
         <kind>object</kind>
         <file>F2837xS_SysCtrl.obj</file>
         <name>F2837xS_SysCtrl.obj</name>
      </input_file>
      <input_file id="fl-a">
         <path>./</path>
         <kind>object</kind>
         <file>F2837xS_struct.obj</file>
         <name>F2837xS_struct.obj</name>
      </input_file>
      <input_file id="fl-b">
         <path>./</path>
         <kind>object</kind>
         <file>F2837xS_usDelay.obj</file>
         <name>F2837xS_usDelay.obj</name>
      </input_file>
      <input_file id="fl-c">
         <path>./src/</path>
         <kind>object</kind>
         <file>main.obj</file>
         <name>main.obj</name>
      </input_file>
      <input_file id="fl-12">
         <path>/home/matteo/CCS/ccsv7/tools/compiler/ti-cgt-c2000_16.9.1.LTS/lib/</path>
         <kind>archive</kind>
         <file>rts2800_fpu32.lib</file>
         <name>boot28.obj</name>
      </input_file>
      <input_file id="fl-13">
         <path>/home/matteo/CCS/ccsv7/tools/compiler/ti-cgt-c2000_16.9.1.LTS/lib/</path>
         <kind>archive</kind>
         <file>rts2800_fpu32.lib</file>
         <name>cpy_tbl.obj</name>
      </input_file>
      <input_file id="fl-14">
         <path>/home/matteo/CCS/ccsv7/tools/compiler/ti-cgt-c2000_16.9.1.LTS/lib/</path>
         <kind>archive</kind>
         <file>rts2800_fpu32.lib</file>
         <name>exit.obj</name>
      </input_file>
      <input_file id="fl-15">
         <path>/home/matteo/CCS/ccsv7/tools/compiler/ti-cgt-c2000_16.9.1.LTS/lib/</path>
         <kind>archive</kind>
         <file>rts2800_fpu32.lib</file>
         <name>memcpy.obj</name>
      </input_file>
      <input_file id="fl-16">
         <path>/home/matteo/CCS/ccsv7/tools/compiler/ti-cgt-c2000_16.9.1.LTS/lib/</path>
         <kind>archive</kind>
         <file>rts2800_fpu32.lib</file>
         <name>pre_init.obj</name>
      </input_file>
      <input_file id="fl-17">
         <path>/home/matteo/CCS/ccsv7/tools/compiler/ti-cgt-c2000_16.9.1.LTS/lib/</path>
         <kind>archive</kind>
         <file>rts2800_fpu32.lib</file>
         <name>sprintf.obj</name>
      </input_file>
      <input_file id="fl-18">
         <path>/home/matteo/CCS/ccsv7/tools/compiler/ti-cgt-c2000_16.9.1.LTS/lib/</path>
         <kind>archive</kind>
         <file>rts2800_fpu32.lib</file>
         <name>startup.obj</name>
      </input_file>
      <input_file id="fl-19">
         <path>/home/matteo/CCS/ccsv7/tools/compiler/ti-cgt-c2000_16.9.1.LTS/lib/</path>
         <kind>archive</kind>
         <file>rts2800_fpu32.lib</file>
         <name>strcat.obj</name>
      </input_file>
      <input_file id="fl-1a">
         <path>/home/matteo/CCS/ccsv7/tools/compiler/ti-cgt-c2000_16.9.1.LTS/lib/</path>
         <kind>archive</kind>
         <file>rts2800_fpu32.lib</file>
         <name>strcmp.obj</name>
      </input_file>
      <input_file id="fl-1b">
         <path>/home/matteo/CCS/ccsv7/tools/compiler/ti-cgt-c2000_16.9.1.LTS/lib/</path>
         <kind>archive</kind>
         <file>rts2800_fpu32.lib</file>
         <name>_lock.obj</name>
      </input_file>
      <input_file id="fl-1c">
         <path>/home/matteo/CCS/ccsv7/tools/compiler/ti-cgt-c2000_16.9.1.LTS/lib/</path>
         <kind>archive</kind>
         <file>rts2800_fpu32.lib</file>
         <name>_printfi.obj</name>
      </input_file>
      <input_file id="fl-1d">
         <path>/home/matteo/CCS/ccsv7/tools/compiler/ti-cgt-c2000_16.9.1.LTS/lib/</path>
         <kind>archive</kind>
         <file>rts2800_fpu32.lib</file>
         <name>args_main.obj</name>
      </input_file>
      <input_file id="fl-1e">
         <path>/home/matteo/CCS/ccsv7/tools/compiler/ti-cgt-c2000_16.9.1.LTS/lib/</path>
         <kind>archive</kind>
         <file>rts2800_fpu32.lib</file>
         <name>atoi.obj</name>
      </input_file>
      <input_file id="fl-1f">
         <path>/home/matteo/CCS/ccsv7/tools/compiler/ti-cgt-c2000_16.9.1.LTS/lib/</path>
         <kind>archive</kind>
         <file>rts2800_fpu32.lib</file>
         <name>ctype.obj</name>
      </input_file>
      <input_file id="fl-20">
         <path>/home/matteo/CCS/ccsv7/tools/compiler/ti-cgt-c2000_16.9.1.LTS/lib/</path>
         <kind>archive</kind>
         <file>rts2800_fpu32.lib</file>
         <name>fd_cmp28.obj</name>
      </input_file>
      <input_file id="fl-21">
         <path>/home/matteo/CCS/ccsv7/tools/compiler/ti-cgt-c2000_16.9.1.LTS/lib/</path>
         <kind>archive</kind>
         <file>rts2800_fpu32.lib</file>
         <name>fd_div28.obj</name>
      </input_file>
      <input_file id="fl-22">
         <path>/home/matteo/CCS/ccsv7/tools/compiler/ti-cgt-c2000_16.9.1.LTS/lib/</path>
         <kind>archive</kind>
         <file>rts2800_fpu32.lib</file>
         <name>fd_mpy28.obj</name>
      </input_file>
      <input_file id="fl-23">
         <path>/home/matteo/CCS/ccsv7/tools/compiler/ti-cgt-c2000_16.9.1.LTS/lib/</path>
         <kind>archive</kind>
         <file>rts2800_fpu32.lib</file>
         <name>fd_neg28.obj</name>
      </input_file>
      <input_file id="fl-24">
         <path>/home/matteo/CCS/ccsv7/tools/compiler/ti-cgt-c2000_16.9.1.LTS/lib/</path>
         <kind>archive</kind>
         <file>rts2800_fpu32.lib</file>
         <name>fd_sub28.obj</name>
      </input_file>
      <input_file id="fl-25">
         <path>/home/matteo/CCS/ccsv7/tools/compiler/ti-cgt-c2000_16.9.1.LTS/lib/</path>
         <kind>archive</kind>
         <file>rts2800_fpu32.lib</file>
         <name>fd_toi28.obj</name>
      </input_file>
      <input_file id="fl-26">
         <path>/home/matteo/CCS/ccsv7/tools/compiler/ti-cgt-c2000_16.9.1.LTS/lib/</path>
         <kind>archive</kind>
         <file>rts2800_fpu32.lib</file>
         <name>fd_tol28.obj</name>
      </input_file>
      <input_file id="fl-27">
         <path>/home/matteo/CCS/ccsv7/tools/compiler/ti-cgt-c2000_16.9.1.LTS/lib/</path>
         <kind>archive</kind>
         <file>rts2800_fpu32.lib</file>
         <name>fs_tofdfpu32.obj</name>
      </input_file>
      <input_file id="fl-28">
         <path>/home/matteo/CCS/ccsv7/tools/compiler/ti-cgt-c2000_16.9.1.LTS/lib/</path>
         <kind>archive</kind>
         <file>rts2800_fpu32.lib</file>
         <name>i_tofd28.obj</name>
      </input_file>
      <input_file id="fl-29">
         <path>/home/matteo/CCS/ccsv7/tools/compiler/ti-cgt-c2000_16.9.1.LTS/lib/</path>
         <kind>archive</kind>
         <file>rts2800_fpu32.lib</file>
         <name>l_tofd28.obj</name>
      </input_file>
      <input_file id="fl-2a">
         <path>/home/matteo/CCS/ccsv7/tools/compiler/ti-cgt-c2000_16.9.1.LTS/lib/</path>
         <kind>archive</kind>
         <file>rts2800_fpu32.lib</file>
         <name>ll_aox28.obj</name>
      </input_file>
      <input_file id="fl-2b">
         <path>/home/matteo/CCS/ccsv7/tools/compiler/ti-cgt-c2000_16.9.1.LTS/lib/</path>
         <kind>archive</kind>
         <file>rts2800_fpu32.lib</file>
         <name>ll_cmp28.obj</name>
      </input_file>
      <input_file id="fl-2c">
         <path>/home/matteo/CCS/ccsv7/tools/compiler/ti-cgt-c2000_16.9.1.LTS/lib/</path>
         <kind>archive</kind>
         <file>rts2800_fpu32.lib</file>
         <name>ll_div28.obj</name>
      </input_file>
      <input_file id="fl-2d">
         <path>/home/matteo/CCS/ccsv7/tools/compiler/ti-cgt-c2000_16.9.1.LTS/lib/</path>
         <kind>archive</kind>
         <file>rts2800_fpu32.lib</file>
         <name>ltoa.obj</name>
      </input_file>
      <input_file id="fl-2e">
         <path>/home/matteo/CCS/ccsv7/tools/compiler/ti-cgt-c2000_16.9.1.LTS/lib/</path>
         <kind>archive</kind>
         <file>rts2800_fpu32.lib</file>
         <name>memccpy.obj</name>
      </input_file>
      <input_file id="fl-2f">
         <path>/home/matteo/CCS/ccsv7/tools/compiler/ti-cgt-c2000_16.9.1.LTS/lib/</path>
         <kind>archive</kind>
         <file>rts2800_fpu32.lib</file>
         <name>memset.obj</name>
      </input_file>
      <input_file id="fl-30">
         <path>/home/matteo/CCS/ccsv7/tools/compiler/ti-cgt-c2000_16.9.1.LTS/lib/</path>
         <kind>archive</kind>
         <file>rts2800_fpu32.lib</file>
         <name>s_frexp.obj</name>
      </input_file>
      <input_file id="fl-31">
         <path>/home/matteo/CCS/ccsv7/tools/compiler/ti-cgt-c2000_16.9.1.LTS/lib/</path>
         <kind>archive</kind>
         <file>rts2800_fpu32.lib</file>
         <name>s_scalbn.obj</name>
      </input_file>
      <input_file id="fl-32">
         <path>/home/matteo/CCS/ccsv7/tools/compiler/ti-cgt-c2000_16.9.1.LTS/lib/</path>
         <kind>archive</kind>
         <file>rts2800_fpu32.lib</file>
         <name>strchr.obj</name>
      </input_file>
      <input_file id="fl-33">
         <path>/home/matteo/CCS/ccsv7/tools/compiler/ti-cgt-c2000_16.9.1.LTS/lib/</path>
         <kind>archive</kind>
         <file>rts2800_fpu32.lib</file>
         <name>strcpy.obj</name>
      </input_file>
      <input_file id="fl-34">
         <path>/home/matteo/CCS/ccsv7/tools/compiler/ti-cgt-c2000_16.9.1.LTS/lib/</path>
         <kind>archive</kind>
         <file>rts2800_fpu32.lib</file>
         <name>strlen.obj</name>
      </input_file>
      <input_file id="fl-35">
         <path>/home/matteo/CCS/ccsv7/tools/compiler/ti-cgt-c2000_16.9.1.LTS/lib/</path>
         <kind>archive</kind>
         <file>rts2800_fpu32.lib</file>
         <name>errno.obj</name>
      </input_file>
      <input_file id="fl-36">
         <path>/home/matteo/CCS/ccsv7/tools/compiler/ti-cgt-c2000_16.9.1.LTS/lib/</path>
         <kind>archive</kind>
         <file>rts2800_fpu32.lib</file>
         <name>fd_add28.obj</name>
      </input_file>
      <input_file id="fl-37">
         <path>/home/matteo/CCS/ccsv7/tools/compiler/ti-cgt-c2000_16.9.1.LTS/lib/</path>
         <kind>archive</kind>
         <file>rts2800_fpu32.lib</file>
         <name>l_div28.obj</name>
      </input_file>
      <input_file id="fl-38">
         <path>/home/matteo/CCS/ccsv7/tools/compiler/ti-cgt-c2000_16.9.1.LTS/lib/</path>
         <kind>archive</kind>
         <file>rts2800_fpu32.lib</file>
         <name>s_copysign.obj</name>
      </input_file>
   </input_file_list>
   <object_component_list>
      <object_component id="oc-10d">
         <name>.cinit</name>
         <load_address>0x82000</load_address>
         <run_address>0x82000</run_address>
         <size>0x90</size>
         <input_file_ref idref="fl-a"/>
      </object_component>
      <object_component id="oc-12b">
         <name>.cinit</name>
         <load_address>0x82090</load_address>
         <run_address>0x82090</run_address>
         <size>0xe</size>
         <input_file_ref idref="fl-14"/>
      </object_component>
      <object_component id="oc-116">
         <name>.cinit</name>
         <load_address>0x8209e</load_address>
         <run_address>0x8209e</run_address>
         <size>0x8</size>
         <input_file_ref idref="fl-c"/>
      </object_component>
      <object_component id="oc-1f4">
         <name>.cinit:__lock</name>
         <load_address>0x820a6</load_address>
         <run_address>0x820a6</run_address>
         <size>0x5</size>
         <input_file_ref idref="fl-1b"/>
      </object_component>
      <object_component id="oc-1f9">
         <name>.cinit:__unlock</name>
         <load_address>0x820ab</load_address>
         <run_address>0x820ab</run_address>
         <size>0x5</size>
         <input_file_ref idref="fl-1b"/>
      </object_component>
      <object_component id="oc-1d3">
         <name>.cinit</name>
         <load_address>0x820b0</load_address>
         <run_address>0x820b0</run_address>
         <size>0x4</size>
         <input_file_ref idref="fl-35"/>
      </object_component>
      <object_component id="oc-1f6">
         <name>.text</name>
         <load_address>0x820b8</load_address>
         <run_address>0x820b8</run_address>
         <size>0xc16</size>
         <input_file_ref idref="fl-1c"/>
      </object_component>
      <object_component id="oc-8d">
         <name>.text:retain</name>
         <load_address>0x82cce</load_address>
         <run_address>0x82cce</run_address>
         <size>0x585</size>
         <input_file_ref idref="fl-4"/>
      </object_component>
      <object_component id="oc-1ec">
         <name>.text</name>
         <load_address>0x83253</load_address>
         <run_address>0x83253</run_address>
         <size>0x349</size>
         <input_file_ref idref="fl-9"/>
      </object_component>
      <object_component id="oc-1e5">
         <name>.text</name>
         <load_address>0x8359c</load_address>
         <run_address>0x8359c</run_address>
         <size>0x240</size>
         <input_file_ref idref="fl-6"/>
      </object_component>
      <object_component id="oc-1e6">
         <name>.text</name>
         <load_address>0x837dc</load_address>
         <run_address>0x837dc</run_address>
         <size>0x213</size>
         <input_file_ref idref="fl-c"/>
      </object_component>
      <object_component id="oc-1a3">
         <name>.text</name>
         <load_address>0x839ef</load_address>
         <run_address>0x839ef</run_address>
         <size>0x107</size>
         <input_file_ref idref="fl-2c"/>
      </object_component>
      <object_component id="oc-118">
         <name>.text:retain</name>
         <load_address>0x83af6</load_address>
         <run_address>0x83af6</run_address>
         <size>0xdf</size>
         <input_file_ref idref="fl-c"/>
      </object_component>
      <object_component id="oc-1fe">
         <name>.text</name>
         <load_address>0x83bd5</load_address>
         <run_address>0x83bd5</run_address>
         <size>0xbc</size>
         <input_file_ref idref="fl-31"/>
      </object_component>
      <object_component id="oc-1d6">
         <name>.text</name>
         <load_address>0x83c91</load_address>
         <run_address>0x83c91</run_address>
         <size>0x9c</size>
         <input_file_ref idref="fl-36"/>
      </object_component>
      <object_component id="oc-16c">
         <name>.text</name>
         <load_address>0x83d2d</load_address>
         <run_address>0x83d2d</run_address>
         <size>0x8b</size>
         <input_file_ref idref="fl-21"/>
      </object_component>
      <object_component id="oc-171">
         <name>.text</name>
         <load_address>0x83db8</load_address>
         <run_address>0x83db8</run_address>
         <size>0x83</size>
         <input_file_ref idref="fl-22"/>
      </object_component>
      <object_component id="oc-1fd">
         <name>.text</name>
         <load_address>0x83e3b</load_address>
         <run_address>0x83e3b</run_address>
         <size>0x5a</size>
         <input_file_ref idref="fl-30"/>
      </object_component>
      <object_component id="oc-11e">
         <name>.text</name>
         <load_address>0x83e95</load_address>
         <run_address>0x83e95</run_address>
         <size>0x56</size>
         <input_file_ref idref="fl-12"/>
      </object_component>
      <object_component id="oc-1ed">
         <name>.text</name>
         <load_address>0x83eeb</load_address>
         <run_address>0x83eeb</run_address>
         <size>0x32</size>
         <input_file_ref idref="fl-17"/>
      </object_component>
      <object_component id="oc-1fa">
         <name>.text</name>
         <load_address>0x83f1d</load_address>
         <run_address>0x83f1d</run_address>
         <size>0x31</size>
         <input_file_ref idref="fl-1e"/>
      </object_component>
      <object_component id="oc-1fc">
         <name>.text</name>
         <load_address>0x83f4e</load_address>
         <run_address>0x83f4e</run_address>
         <size>0x2e</size>
         <input_file_ref idref="fl-2d"/>
      </object_component>
      <object_component id="oc-167">
         <name>.text</name>
         <load_address>0x83f7c</load_address>
         <run_address>0x83f7c</run_address>
         <size>0x2a</size>
         <input_file_ref idref="fl-20"/>
      </object_component>
      <object_component id="oc-1db">
         <name>.text</name>
         <load_address>0x83fa6</load_address>
         <run_address>0x83fa6</run_address>
         <size>0x2a</size>
         <input_file_ref idref="fl-37"/>
      </object_component>
      <object_component id="oc-1eb">
         <name>.text</name>
         <load_address>0x83fd0</load_address>
         <run_address>0x83fd0</run_address>
         <size>0x29</size>
         <input_file_ref idref="fl-14"/>
      </object_component>
      <object_component id="oc-201">
         <name>.text</name>
         <load_address>0x83ff9</load_address>
         <run_address>0x83ff9</run_address>
         <size>0x5</size>
         <input_file_ref idref="fl-33"/>
      </object_component>
      <object_component id="oc-1e7">
         <name>.text</name>
         <load_address>0x83ffe</load_address>
         <run_address>0x83ffe</run_address>
         <size>0x2</size>
         <input_file_ref idref="fl-16"/>
      </object_component>
      <object_component id="oc-1f0">
         <name>.text</name>
         <load_address>0x84000</load_address>
         <run_address>0x84000</run_address>
         <size>0x28</size>
         <input_file_ref idref="fl-7"/>
      </object_component>
      <object_component id="oc-1f1">
         <name>.text</name>
         <load_address>0x84028</load_address>
         <run_address>0x84028</run_address>
         <size>0x26</size>
         <input_file_ref idref="fl-8"/>
      </object_component>
      <object_component id="oc-1e8">
         <name>.text</name>
         <load_address>0x8404e</load_address>
         <run_address>0x8404e</run_address>
         <size>0x24</size>
         <input_file_ref idref="fl-13"/>
      </object_component>
      <object_component id="oc-205">
         <name>.text</name>
         <load_address>0x84072</load_address>
         <run_address>0x84072</run_address>
         <size>0x24</size>
         <input_file_ref idref="fl-38"/>
      </object_component>
      <object_component id="oc-180">
         <name>.text</name>
         <load_address>0x84096</load_address>
         <run_address>0x84096</run_address>
         <size>0x21</size>
         <input_file_ref idref="fl-25"/>
      </object_component>
      <object_component id="oc-185">
         <name>.text</name>
         <load_address>0x840b7</load_address>
         <run_address>0x840b7</run_address>
         <size>0x1f</size>
         <input_file_ref idref="fl-26"/>
      </object_component>
      <object_component id="oc-19e">
         <name>.text</name>
         <load_address>0x840d6</load_address>
         <run_address>0x840d6</run_address>
         <size>0x1e</size>
         <input_file_ref idref="fl-2b"/>
      </object_component>
      <object_component id="oc-1f2">
         <name>.text</name>
         <load_address>0x840f4</load_address>
         <run_address>0x840f4</run_address>
         <size>0x1e</size>
         <input_file_ref idref="fl-15"/>
      </object_component>
      <object_component id="oc-18f">
         <name>.text</name>
         <load_address>0x84112</load_address>
         <run_address>0x84112</run_address>
         <size>0x1d</size>
         <input_file_ref idref="fl-28"/>
      </object_component>
      <object_component id="oc-18a">
         <name>.text</name>
         <load_address>0x8412f</load_address>
         <run_address>0x8412f</run_address>
         <size>0x1c</size>
         <input_file_ref idref="fl-27"/>
      </object_component>
      <object_component id="oc-194">
         <name>.text</name>
         <load_address>0x8414b</load_address>
         <run_address>0x8414b</run_address>
         <size>0x1c</size>
         <input_file_ref idref="fl-29"/>
      </object_component>
      <object_component id="oc-1ea">
         <name>.text</name>
         <load_address>0x84167</load_address>
         <run_address>0x84167</run_address>
         <size>0x19</size>
         <input_file_ref idref="fl-1d"/>
      </object_component>
      <object_component id="oc-199">
         <name>.text</name>
         <load_address>0x84180</load_address>
         <run_address>0x84180</run_address>
         <size>0x18</size>
         <input_file_ref idref="fl-2a"/>
      </object_component>
      <object_component id="oc-17b">
         <name>.text</name>
         <load_address>0x84198</load_address>
         <run_address>0x84198</run_address>
         <size>0xe</size>
         <input_file_ref idref="fl-24"/>
      </object_component>
      <object_component id="oc-202">
         <name>.text</name>
         <load_address>0x841a6</load_address>
         <run_address>0x841a6</run_address>
         <size>0xd</size>
         <input_file_ref idref="fl-2e"/>
      </object_component>
      <object_component id="oc-200">
         <name>.text</name>
         <load_address>0x841b3</load_address>
         <run_address>0x841b3</run_address>
         <size>0xc</size>
         <input_file_ref idref="fl-2f"/>
      </object_component>
      <object_component id="oc-1ff">
         <name>.text</name>
         <load_address>0x841bf</load_address>
         <run_address>0x841bf</run_address>
         <size>0xc</size>
         <input_file_ref idref="fl-32"/>
      </object_component>
      <object_component id="oc-1ef">
         <name>.text</name>
         <load_address>0x841cb</load_address>
         <run_address>0x841cb</run_address>
         <size>0xa</size>
         <input_file_ref idref="fl-1a"/>
      </object_component>
      <object_component id="oc-1f8">
         <name>.text</name>
         <load_address>0x841d5</load_address>
         <run_address>0x841d5</run_address>
         <size>0x9</size>
         <input_file_ref idref="fl-1b"/>
      </object_component>
      <object_component id="oc-176">
         <name>.text</name>
         <load_address>0x841de</load_address>
         <run_address>0x841de</run_address>
         <size>0x9</size>
         <input_file_ref idref="fl-23"/>
      </object_component>
      <object_component id="oc-1ee">
         <name>.text</name>
         <load_address>0x841e7</load_address>
         <run_address>0x841e7</run_address>
         <size>0x9</size>
         <input_file_ref idref="fl-19"/>
      </object_component>
      <object_component id="oc-1fb">
         <name>.text</name>
         <load_address>0x841f0</load_address>
         <run_address>0x841f0</run_address>
         <size>0x8</size>
         <input_file_ref idref="fl-34"/>
      </object_component>
      <object_component id="oc-1e9">
         <name>.text</name>
         <load_address>0x841f8</load_address>
         <run_address>0x841f8</run_address>
         <size>0x1</size>
         <input_file_ref idref="fl-18"/>
      </object_component>
      <object_component id="oc-81">
         <name>codestart</name>
         <load_address>0x80000</load_address>
         <run_address>0x80000</run_address>
         <size>0x2</size>
         <input_file_ref idref="fl-2"/>
      </object_component>
      <object_component id="oc-11f">
         <name>.stack</name>
         <uninitialized>true</uninitialized>
         <run_address>0x400</run_address>
         <size>0x0</size>
         <input_file_ref idref="fl-12"/>
      </object_component>
      <object_component id="oc-28e">
         <name>.stack</name>
         <uninitialized>true</uninitialized>
         <run_address>0x400</run_address>
         <size>0x0</size>
      </object_component>
      <object_component id="oc-10e">
         <name>.ebss</name>
         <uninitialized>true</uninitialized>
         <run_address>0xa800</run_address>
         <size>0x78</size>
         <input_file_ref idref="fl-a"/>
      </object_component>
      <object_component id="oc-12c">
         <name>.ebss</name>
         <uninitialized>true</uninitialized>
         <run_address>0xa878</run_address>
         <size>0x6</size>
         <input_file_ref idref="fl-14"/>
      </object_component>
      <object_component id="oc-1f3">
         <name>.ebss:__lock</name>
         <uninitialized>true</uninitialized>
         <run_address>0xa87e</run_address>
         <size>0x2</size>
         <input_file_ref idref="fl-1b"/>
      </object_component>
      <object_component id="oc-117">
         <name>.ebss</name>
         <uninitialized>true</uninitialized>
         <run_address>0xa880</run_address>
         <size>0x2a</size>
         <input_file_ref idref="fl-c"/>
      </object_component>
      <object_component id="oc-203">
         <name>.ebss:__unlock</name>
         <uninitialized>true</uninitialized>
         <run_address>0xa8aa</run_address>
         <size>0x2</size>
         <input_file_ref idref="fl-1b"/>
      </object_component>
      <object_component id="oc-1d4">
         <name>.ebss</name>
         <uninitialized>true</uninitialized>
         <run_address>0xa8ac</run_address>
         <size>0x1</size>
         <input_file_ref idref="fl-35"/>
      </object_component>
      <object_component id="oc-87">
         <name>.ebss</name>
         <uninitialized>true</uninitialized>
         <run_address>0xa8c0</run_address>
         <size>0x18</size>
         <input_file_ref idref="fl-3"/>
      </object_component>
      <object_component id="oc-1f7">
         <name>.econst:_PieVectTableInit</name>
         <load_address>0x90000</load_address>
         <run_address>0x90000</run_address>
         <size>0x1c0</size>
         <input_file_ref idref="fl-8"/>
      </object_component>
      <object_component id="oc-204">
         <name>.econst:.string:__ctypes_</name>
         <load_address>0x901c0</load_address>
         <run_address>0x901c0</run_address>
         <size>0x101</size>
         <input_file_ref idref="fl-1f"/>
      </object_component>
      <object_component id="oc-119">
         <name>.econst:.string</name>
         <load_address>0x902c2</load_address>
         <run_address>0x902c2</run_address>
         <size>0x85</size>
         <input_file_ref idref="fl-c"/>
      </object_component>
      <object_component id="oc-156">
         <name>.econst:.string</name>
         <load_address>0x90348</load_address>
         <run_address>0x90348</run_address>
         <size>0x26</size>
         <input_file_ref idref="fl-1c"/>
      </object_component>
      <object_component id="oc-155">
         <name>.econst</name>
         <load_address>0x9036e</load_address>
         <run_address>0x9036e</run_address>
         <size>0x1c</size>
         <input_file_ref idref="fl-1c"/>
      </object_component>
      <object_component id="oc-1be">
         <name>.econst</name>
         <load_address>0x9038a</load_address>
         <run_address>0x9038a</run_address>
         <size>0x1c</size>
         <input_file_ref idref="fl-31"/>
      </object_component>
      <object_component id="oc-1b8">
         <name>.econst</name>
         <load_address>0x903a6</load_address>
         <run_address>0x903a6</run_address>
         <size>0x8</size>
         <input_file_ref idref="fl-30"/>
      </object_component>
      <object_component id="oc-120">
         <name>.reset</name>
         <load_address>0x3fffc0</load_address>
         <run_address>0x3fffc0</run_address>
         <size>0x2</size>
         <input_file_ref idref="fl-12"/>
      </object_component>
      <object_component id="oc-1f5">
         <name>.TI.ramfunc</name>
         <load_address>0x86000</load_address>
         <run_address>0x8000</run_address>
         <size>0x6e</size>
         <input_file_ref idref="fl-9"/>
      </object_component>
      <object_component id="oc-110">
         <name>.TI.ramfunc</name>
         <load_address>0x8606e</load_address>
         <run_address>0x806e</run_address>
         <size>0x4</size>
         <input_file_ref idref="fl-b"/>
      </object_component>
      <object_component id="oc-f6">
         <name>PieVectTableFile</name>
         <uninitialized>true</uninitialized>
         <run_address>0xd00</run_address>
         <size>0x1c0</size>
         <input_file_ref idref="fl-5"/>
      </object_component>
      <object_component id="oc-93">
         <name>EmuKeyVar</name>
         <uninitialized>true</uninitialized>
         <run_address>0xd00</run_address>
         <size>0x1</size>
         <input_file_ref idref="fl-5"/>
      </object_component>
      <object_component id="oc-94">
         <name>EmuBModeVar</name>
         <uninitialized>true</uninitialized>
         <run_address>0xd01</run_address>
         <size>0x1</size>
         <input_file_ref idref="fl-5"/>
      </object_component>
      <object_component id="oc-ab">
         <name>AdcaResultFile</name>
         <uninitialized>true</uninitialized>
         <run_address>0xb00</run_address>
         <size>0x18</size>
         <input_file_ref idref="fl-5"/>
      </object_component>
      <object_component id="oc-ac">
         <name>AdcbResultFile</name>
         <uninitialized>true</uninitialized>
         <run_address>0xb20</run_address>
         <size>0x18</size>
         <input_file_ref idref="fl-5"/>
      </object_component>
      <object_component id="oc-aa">
         <name>AdccResultFile</name>
         <uninitialized>true</uninitialized>
         <run_address>0xb40</run_address>
         <size>0x18</size>
         <input_file_ref idref="fl-5"/>
      </object_component>
      <object_component id="oc-ad">
         <name>AdcdResultFile</name>
         <uninitialized>true</uninitialized>
         <run_address>0xb60</run_address>
         <size>0x18</size>
         <input_file_ref idref="fl-5"/>
      </object_component>
      <object_component id="oc-dc">
         <name>AdcaRegsFile</name>
         <uninitialized>true</uninitialized>
         <run_address>0x7400</run_address>
         <size>0x80</size>
         <input_file_ref idref="fl-5"/>
      </object_component>
      <object_component id="oc-dd">
         <name>AdcbRegsFile</name>
         <uninitialized>true</uninitialized>
         <run_address>0x7480</run_address>
         <size>0x80</size>
         <input_file_ref idref="fl-5"/>
      </object_component>
      <object_component id="oc-db">
         <name>AdccRegsFile</name>
         <uninitialized>true</uninitialized>
         <run_address>0x7500</run_address>
         <size>0x80</size>
         <input_file_ref idref="fl-5"/>
      </object_component>
      <object_component id="oc-e1">
         <name>AdcdRegsFile</name>
         <uninitialized>true</uninitialized>
         <run_address>0x7580</run_address>
         <size>0x80</size>
         <input_file_ref idref="fl-5"/>
      </object_component>
      <object_component id="oc-d7">
         <name>AnalogSubsysRegsFile</name>
         <uninitialized>true</uninitialized>
         <run_address>0x5d180</run_address>
         <size>0x48</size>
         <input_file_ref idref="fl-5"/>
      </object_component>
      <object_component id="oc-f1">
         <name>CanaRegsFile</name>
         <uninitialized>true</uninitialized>
         <run_address>0x48000</run_address>
         <size>0x164</size>
         <input_file_ref idref="fl-5"/>
      </object_component>
      <object_component id="oc-f2">
         <name>CanbRegsFile</name>
         <uninitialized>true</uninitialized>
         <run_address>0x4a000</run_address>
         <size>0x164</size>
         <input_file_ref idref="fl-5"/>
      </object_component>
      <object_component id="oc-d2">
         <name>Cla1RegsFile</name>
         <uninitialized>true</uninitialized>
         <run_address>0x1400</run_address>
         <size>0x3e</size>
         <input_file_ref idref="fl-5"/>
      </object_component>
      <object_component id="oc-98">
         <name>Cla1SoftIntRegsFile</name>
         <uninitialized>true</uninitialized>
         <run_address>0xce0</run_address>
         <size>0x4</size>
         <input_file_ref idref="fl-5"/>
      </object_component>
      <object_component id="oc-be">
         <name>Cmpss1RegsFile</name>
         <uninitialized>true</uninitialized>
         <run_address>0x5c80</run_address>
         <size>0x20</size>
         <input_file_ref idref="fl-5"/>
      </object_component>
      <object_component id="oc-bd">
         <name>Cmpss2RegsFile</name>
         <uninitialized>true</uninitialized>
         <run_address>0x5ca0</run_address>
         <size>0x20</size>
         <input_file_ref idref="fl-5"/>
      </object_component>
      <object_component id="oc-c0">
         <name>Cmpss3RegsFile</name>
         <uninitialized>true</uninitialized>
         <run_address>0x5cc0</run_address>
         <size>0x20</size>
         <input_file_ref idref="fl-5"/>
      </object_component>
      <object_component id="oc-bf">
         <name>Cmpss4RegsFile</name>
         <uninitialized>true</uninitialized>
         <run_address>0x5ce0</run_address>
         <size>0x20</size>
         <input_file_ref idref="fl-5"/>
      </object_component>
      <object_component id="oc-ba">
         <name>Cmpss5RegsFile</name>
         <uninitialized>true</uninitialized>
         <run_address>0x5d00</run_address>
         <size>0x20</size>
         <input_file_ref idref="fl-5"/>
      </object_component>
      <object_component id="oc-b9">
         <name>Cmpss6RegsFile</name>
         <uninitialized>true</uninitialized>
         <run_address>0x5d20</run_address>
         <size>0x20</size>
         <input_file_ref idref="fl-5"/>
      </object_component>
      <object_component id="oc-bc">
         <name>Cmpss7RegsFile</name>
         <uninitialized>true</uninitialized>
         <run_address>0x5d40</run_address>
         <size>0x20</size>
         <input_file_ref idref="fl-5"/>
      </object_component>
      <object_component id="oc-bb">
         <name>Cmpss8RegsFile</name>
         <uninitialized>true</uninitialized>
         <run_address>0x5d60</run_address>
         <size>0x20</size>
         <input_file_ref idref="fl-5"/>
      </object_component>
      <object_component id="oc-a0">
         <name>CpuTimer0RegsFile</name>
         <uninitialized>true</uninitialized>
         <run_address>0xc00</run_address>
         <size>0x8</size>
         <input_file_ref idref="fl-5"/>
      </object_component>
      <object_component id="oc-a1">
         <name>CpuTimer1RegsFile</name>
         <uninitialized>true</uninitialized>
         <run_address>0xc08</run_address>
         <size>0x8</size>
         <input_file_ref idref="fl-5"/>
      </object_component>
      <object_component id="oc-9e">
         <name>CpuTimer2RegsFile</name>
         <uninitialized>true</uninitialized>
         <run_address>0xc10</run_address>
         <size>0x8</size>
         <input_file_ref idref="fl-5"/>
      </object_component>
      <object_component id="oc-9d">
         <name>DacaRegsFile</name>
         <uninitialized>true</uninitialized>
         <run_address>0x5c00</run_address>
         <size>0x8</size>
         <input_file_ref idref="fl-5"/>
      </object_component>
      <object_component id="oc-9b">
         <name>DacbRegsFile</name>
         <uninitialized>true</uninitialized>
         <run_address>0x5c10</run_address>
         <size>0x8</size>
         <input_file_ref idref="fl-5"/>
      </object_component>
      <object_component id="oc-9c">
         <name>DaccRegsFile</name>
         <uninitialized>true</uninitialized>
         <run_address>0x5c20</run_address>
         <size>0x8</size>
         <input_file_ref idref="fl-5"/>
      </object_component>
      <object_component id="oc-cc">
         <name>DcsmZ1RegsFile</name>
         <uninitialized>true</uninitialized>
         <run_address>0x5f000</run_address>
         <size>0x24</size>
         <input_file_ref idref="fl-5"/>
      </object_component>
      <object_component id="oc-ca">
         <name>DcsmZ2RegsFile</name>
         <uninitialized>true</uninitialized>
         <run_address>0x5f040</run_address>
         <size>0x24</size>
         <input_file_ref idref="fl-5"/>
      </object_component>
      <object_component id="oc-9f">
         <name>DcsmCommonRegsFile</name>
         <uninitialized>true</uninitialized>
         <run_address>0x5f070</run_address>
         <size>0x8</size>
         <input_file_ref idref="fl-5"/>
      </object_component>
      <object_component id="oc-c3">
         <name>DcsmZ1OtpFile</name>
         <uninitialized>true</uninitialized>
         <run_address>0x78000</run_address>
         <size>0x20</size>
         <input_file_ref idref="fl-5"/>
      </object_component>
      <object_component id="oc-c1">
         <name>DcsmZ2OtpFile</name>
         <uninitialized>true</uninitialized>
         <run_address>0x78200</run_address>
         <size>0x20</size>
         <input_file_ref idref="fl-5"/>
      </object_component>
      <object_component id="oc-e3">
         <name>DmaRegsFile</name>
         <uninitialized>true</uninitialized>
         <run_address>0x1000</run_address>
         <size>0xe0</size>
         <input_file_ref idref="fl-5"/>
      </object_component>
      <object_component id="oc-af">
         <name>DmaClaSrcSelRegsFile</name>
         <uninitialized>true</uninitialized>
         <run_address>0x7980</run_address>
         <size>0x1a</size>
         <input_file_ref idref="fl-5"/>
      </object_component>
      <object_component id="oc-c2">
         <name>ECap1RegsFile</name>
         <uninitialized>true</uninitialized>
         <run_address>0x5000</run_address>
         <size>0x20</size>
         <input_file_ref idref="fl-5"/>
      </object_component>
      <object_component id="oc-b2">
         <name>ECap2RegsFile</name>
         <uninitialized>true</uninitialized>
         <run_address>0x5020</run_address>
         <size>0x20</size>
         <input_file_ref idref="fl-5"/>
      </object_component>
      <object_component id="oc-b1">
         <name>ECap3RegsFile</name>
         <uninitialized>true</uninitialized>
         <run_address>0x5040</run_address>
         <size>0x20</size>
         <input_file_ref idref="fl-5"/>
      </object_component>
      <object_component id="oc-b0">
         <name>ECap4RegsFile</name>
         <uninitialized>true</uninitialized>
         <run_address>0x5060</run_address>
         <size>0x20</size>
         <input_file_ref idref="fl-5"/>
      </object_component>
      <object_component id="oc-b8">
         <name>ECap5RegsFile</name>
         <uninitialized>true</uninitialized>
         <run_address>0x5080</run_address>
         <size>0x20</size>
         <input_file_ref idref="fl-5"/>
      </object_component>
      <object_component id="oc-b6">
         <name>ECap6RegsFile</name>
         <uninitialized>true</uninitialized>
         <run_address>0x50a0</run_address>
         <size>0x20</size>
         <input_file_ref idref="fl-5"/>
      </object_component>
      <object_component id="oc-d9">
         <name>Emif1RegsFile</name>
         <uninitialized>true</uninitialized>
         <run_address>0x47000</run_address>
         <size>0x70</size>
         <input_file_ref idref="fl-5"/>
      </object_component>
      <object_component id="oc-da">
         <name>Emif2RegsFile</name>
         <uninitialized>true</uninitialized>
         <run_address>0x47800</run_address>
         <size>0x70</size>
         <input_file_ref idref="fl-5"/>
      </object_component>
      <object_component id="oc-e8">
         <name>EPwm1RegsFile</name>
         <uninitialized>true</uninitialized>
         <run_address>0x4000</run_address>
         <size>0x100</size>
         <input_file_ref idref="fl-5"/>
      </object_component>
      <object_component id="oc-e7">
         <name>EPwm2RegsFile</name>
         <uninitialized>true</uninitialized>
         <run_address>0x4100</run_address>
         <size>0x100</size>
         <input_file_ref idref="fl-5"/>
      </object_component>
      <object_component id="oc-ea">
         <name>EPwm3RegsFile</name>
         <uninitialized>true</uninitialized>
         <run_address>0x4200</run_address>
         <size>0x100</size>
         <input_file_ref idref="fl-5"/>
      </object_component>
      <object_component id="oc-e5">
         <name>EPwm4RegsFile</name>
         <uninitialized>true</uninitialized>
         <run_address>0x4300</run_address>
         <size>0x100</size>
         <input_file_ref idref="fl-5"/>
      </object_component>
      <object_component id="oc-e4">
         <name>EPwm5RegsFile</name>
         <uninitialized>true</uninitialized>
         <run_address>0x4400</run_address>
         <size>0x100</size>
         <input_file_ref idref="fl-5"/>
      </object_component>
      <object_component id="oc-e9">
         <name>EPwm6RegsFile</name>
         <uninitialized>true</uninitialized>
         <run_address>0x4500</run_address>
         <size>0x100</size>
         <input_file_ref idref="fl-5"/>
      </object_component>
      <object_component id="oc-e6">
         <name>EPwm7RegsFile</name>
         <uninitialized>true</uninitialized>
         <run_address>0x4600</run_address>
         <size>0x100</size>
         <input_file_ref idref="fl-5"/>
      </object_component>
      <object_component id="oc-ef">
         <name>EPwm8RegsFile</name>
         <uninitialized>true</uninitialized>
         <run_address>0x4700</run_address>
         <size>0x100</size>
         <input_file_ref idref="fl-5"/>
      </object_component>
      <object_component id="oc-ed">
         <name>EPwm9RegsFile</name>
         <uninitialized>true</uninitialized>
         <run_address>0x4800</run_address>
         <size>0x100</size>
         <input_file_ref idref="fl-5"/>
      </object_component>
      <object_component id="oc-ee">
         <name>EPwm10RegsFile</name>
         <uninitialized>true</uninitialized>
         <run_address>0x4900</run_address>
         <size>0x100</size>
         <input_file_ref idref="fl-5"/>
      </object_component>
      <object_component id="oc-eb">
         <name>EPwm11RegsFile</name>
         <uninitialized>true</uninitialized>
         <run_address>0x4a00</run_address>
         <size>0x100</size>
         <input_file_ref idref="fl-5"/>
      </object_component>
      <object_component id="oc-ec">
         <name>EPwm12RegsFile</name>
         <uninitialized>true</uninitialized>
         <run_address>0x4b00</run_address>
         <size>0x100</size>
         <input_file_ref idref="fl-5"/>
      </object_component>
      <object_component id="oc-d5">
         <name>EPwmXbarRegsFile</name>
         <uninitialized>true</uninitialized>
         <run_address>0x7a00</run_address>
         <size>0x40</size>
         <input_file_ref idref="fl-5"/>
      </object_component>
      <object_component id="oc-c4">
         <name>EQep1RegsFile</name>
         <uninitialized>true</uninitialized>
         <run_address>0x5100</run_address>
         <size>0x22</size>
         <input_file_ref idref="fl-5"/>
      </object_component>
      <object_component id="oc-c5">
         <name>EQep2RegsFile</name>
         <uninitialized>true</uninitialized>
         <run_address>0x5140</run_address>
         <size>0x22</size>
         <input_file_ref idref="fl-5"/>
      </object_component>
      <object_component id="oc-c6">
         <name>EQep3RegsFile</name>
         <uninitialized>true</uninitialized>
         <run_address>0x5180</run_address>
         <size>0x22</size>
         <input_file_ref idref="fl-5"/>
      </object_component>
      <object_component id="oc-f5">
         <name>Flash0CtrlRegsFile</name>
         <uninitialized>true</uninitialized>
         <run_address>0x5f800</run_address>
         <size>0x182</size>
         <input_file_ref idref="fl-5"/>
      </object_component>
      <object_component id="oc-ce">
         <name>Flash0EccRegsFile</name>
         <uninitialized>true</uninitialized>
         <run_address>0x5fb00</run_address>
         <size>0x28</size>
         <input_file_ref idref="fl-5"/>
      </object_component>
      <object_component id="oc-f4">
         <name>Flash1CtrlRegsFile</name>
         <uninitialized>true</uninitialized>
         <run_address>0x5fc00</run_address>
         <size>0x182</size>
         <input_file_ref idref="fl-5"/>
      </object_component>
      <object_component id="oc-cd">
         <name>Flash1EccRegsFile</name>
         <uninitialized>true</uninitialized>
         <run_address>0x5ff00</run_address>
         <size>0x28</size>
         <input_file_ref idref="fl-5"/>
      </object_component>
      <object_component id="oc-f3">
         <name>GpioCtrlRegsFile</name>
         <uninitialized>true</uninitialized>
         <run_address>0x7c00</run_address>
         <size>0x180</size>
         <input_file_ref idref="fl-5"/>
      </object_component>
      <object_component id="oc-d0">
         <name>GpioDataRegsFile</name>
         <uninitialized>true</uninitialized>
         <run_address>0x7f00</run_address>
         <size>0x30</size>
         <input_file_ref idref="fl-5"/>
      </object_component>
      <object_component id="oc-d6">
         <name>OutputXbarRegsFile</name>
         <uninitialized>true</uninitialized>
         <run_address>0x7a80</run_address>
         <size>0x40</size>
         <input_file_ref idref="fl-5"/>
      </object_component>
      <object_component id="oc-c7">
         <name>I2caRegsFile</name>
         <uninitialized>true</uninitialized>
         <run_address>0x7300</run_address>
         <size>0x22</size>
         <input_file_ref idref="fl-5"/>
      </object_component>
      <object_component id="oc-c8">
         <name>I2cbRegsFile</name>
         <uninitialized>true</uninitialized>
         <run_address>0x7340</run_address>
         <size>0x22</size>
         <input_file_ref idref="fl-5"/>
      </object_component>
      <object_component id="oc-b3">
         <name>InputXbarRegsFile</name>
         <uninitialized>true</uninitialized>
         <run_address>0x7900</run_address>
         <size>0x20</size>
         <input_file_ref idref="fl-5"/>
      </object_component>
      <object_component id="oc-b7">
         <name>XbarRegsFile</name>
         <uninitialized>true</uninitialized>
         <run_address>0x7920</run_address>
         <size>0x20</size>
         <input_file_ref idref="fl-5"/>
      </object_component>
      <object_component id="oc-96">
         <name>FlashPumpSemaphoreRegsFile</name>
         <uninitialized>true</uninitialized>
         <run_address>0x50024</run_address>
         <size>0x2</size>
         <input_file_ref idref="fl-5"/>
      </object_component>
      <object_component id="oc-97">
         <name>RomPrefetchRegsFile</name>
         <uninitialized>true</uninitialized>
         <run_address>0x5e608</run_address>
         <size>0x2</size>
         <input_file_ref idref="fl-5"/>
      </object_component>
      <object_component id="oc-e0">
         <name>MemCfgRegsFile</name>
         <uninitialized>true</uninitialized>
         <run_address>0x5f400</run_address>
         <size>0x80</size>
         <input_file_ref idref="fl-5"/>
      </object_component>
      <object_component id="oc-b4">
         <name>Emif1ConfigRegsFile</name>
         <uninitialized>true</uninitialized>
         <run_address>0x5f480</run_address>
         <size>0x20</size>
         <input_file_ref idref="fl-5"/>
      </object_component>
      <object_component id="oc-b5">
         <name>Emif2ConfigRegsFile</name>
         <uninitialized>true</uninitialized>
         <run_address>0x5f4a0</run_address>
         <size>0x20</size>
         <input_file_ref idref="fl-5"/>
      </object_component>
      <object_component id="oc-d4">
         <name>AccessProtectionRegsFile</name>
         <uninitialized>true</uninitialized>
         <run_address>0x5f4c0</run_address>
         <size>0x40</size>
         <input_file_ref idref="fl-5"/>
      </object_component>
      <object_component id="oc-d3">
         <name>MemoryErrorRegsFile</name>
         <uninitialized>true</uninitialized>
         <run_address>0x5f500</run_address>
         <size>0x40</size>
         <input_file_ref idref="fl-5"/>
      </object_component>
      <object_component id="oc-95">
         <name>RomWaitStateRegsFile</name>
         <uninitialized>true</uninitialized>
         <run_address>0x5f540</run_address>
         <size>0x2</size>
         <input_file_ref idref="fl-5"/>
      </object_component>
      <object_component id="oc-c9">
         <name>McbspaRegsFile</name>
         <uninitialized>true</uninitialized>
         <run_address>0x6000</run_address>
         <size>0x24</size>
         <input_file_ref idref="fl-5"/>
      </object_component>
      <object_component id="oc-cb">
         <name>McbspbRegsFile</name>
         <uninitialized>true</uninitialized>
         <run_address>0x6040</run_address>
         <size>0x24</size>
         <input_file_ref idref="fl-5"/>
      </object_component>
      <object_component id="oc-d8">
         <name>UppRegsFile</name>
         <uninitialized>true</uninitialized>
         <run_address>0x6200</run_address>
         <size>0x48</size>
         <input_file_ref idref="fl-5"/>
      </object_component>
      <object_component id="oc-9a">
         <name>NmiIntruptRegsFile</name>
         <uninitialized>true</uninitialized>
         <run_address>0x7060</run_address>
         <size>0x7</size>
         <input_file_ref idref="fl-5"/>
      </object_component>
      <object_component id="oc-ae">
         <name>PieCtrlRegsFile</name>
         <uninitialized>true</uninitialized>
         <run_address>0xce0</run_address>
         <size>0x1a</size>
         <input_file_ref idref="fl-5"/>
      </object_component>
      <object_component id="oc-a3">
         <name>SciaRegsFile</name>
         <uninitialized>true</uninitialized>
         <run_address>0x7200</run_address>
         <size>0x10</size>
         <input_file_ref idref="fl-5"/>
      </object_component>
      <object_component id="oc-a5">
         <name>ScibRegsFile</name>
         <uninitialized>true</uninitialized>
         <run_address>0x7210</run_address>
         <size>0x10</size>
         <input_file_ref idref="fl-5"/>
      </object_component>
      <object_component id="oc-a7">
         <name>ScicRegsFile</name>
         <uninitialized>true</uninitialized>
         <run_address>0x7220</run_address>
         <size>0x10</size>
         <input_file_ref idref="fl-5"/>
      </object_component>
      <object_component id="oc-a6">
         <name>ScidRegsFile</name>
         <uninitialized>true</uninitialized>
         <run_address>0x7230</run_address>
         <size>0x10</size>
         <input_file_ref idref="fl-5"/>
      </object_component>
      <object_component id="oc-df">
         <name>Sdfm1RegsFile</name>
         <uninitialized>true</uninitialized>
         <run_address>0x5e00</run_address>
         <size>0x80</size>
         <input_file_ref idref="fl-5"/>
      </object_component>
      <object_component id="oc-de">
         <name>Sdfm2RegsFile</name>
         <uninitialized>true</uninitialized>
         <run_address>0x5e80</run_address>
         <size>0x80</size>
         <input_file_ref idref="fl-5"/>
      </object_component>
      <object_component id="oc-a8">
         <name>SpiaRegsFile</name>
         <uninitialized>true</uninitialized>
         <run_address>0x6100</run_address>
         <size>0x10</size>
         <input_file_ref idref="fl-5"/>
      </object_component>
      <object_component id="oc-a9">
         <name>SpibRegsFile</name>
         <uninitialized>true</uninitialized>
         <run_address>0x6110</run_address>
         <size>0x10</size>
         <input_file_ref idref="fl-5"/>
      </object_component>
      <object_component id="oc-a4">
         <name>SpicRegsFile</name>
         <uninitialized>true</uninitialized>
         <run_address>0x6120</run_address>
         <size>0x10</size>
         <input_file_ref idref="fl-5"/>
      </object_component>
      <object_component id="oc-f0">
         <name>DevCfgRegsFile</name>
         <uninitialized>true</uninitialized>
         <run_address>0x5d000</run_address>
         <size>0x12e</size>
         <input_file_ref idref="fl-5"/>
      </object_component>
      <object_component id="oc-d1">
         <name>ClkCfgRegsFile</name>
         <uninitialized>true</uninitialized>
         <run_address>0x5d200</run_address>
         <size>0x32</size>
         <input_file_ref idref="fl-5"/>
      </object_component>
      <object_component id="oc-e2">
         <name>CpuSysRegsFile</name>
         <uninitialized>true</uninitialized>
         <run_address>0x5d300</run_address>
         <size>0x82</size>
         <input_file_ref idref="fl-5"/>
      </object_component>
      <object_component id="oc-99">
         <name>SyncSocRegsFile</name>
         <uninitialized>true</uninitialized>
         <run_address>0x7940</run_address>
         <size>0x6</size>
         <input_file_ref idref="fl-5"/>
      </object_component>
      <object_component id="oc-cf">
         <name>WdRegsFile</name>
         <uninitialized>true</uninitialized>
         <run_address>0x7000</run_address>
         <size>0x2b</size>
         <input_file_ref idref="fl-5"/>
      </object_component>
      <object_component id="oc-a2">
         <name>XintRegsFile</name>
         <uninitialized>true</uninitialized>
         <run_address>0x7070</run_address>
         <size>0xb</size>
         <input_file_ref idref="fl-5"/>
      </object_component>
      <object_component id="oc-82">
         <name>.debug_info</name>
         <load_address>0x0</load_address>
         <run_address>0x0</run_address>
         <size>0x1c0</size>
         <input_file_ref idref="fl-2"/>
      </object_component>
      <object_component id="oc-86">
         <name>.debug_info</name>
         <load_address>0x1c0</load_address>
         <run_address>0x1c0</run_address>
         <size>0x8c2</size>
         <input_file_ref idref="fl-3"/>
      </object_component>
      <object_component id="oc-8c">
         <name>.debug_info</name>
         <load_address>0xa82</load_address>
         <run_address>0xa82</run_address>
         <size>0x8d9b</size>
         <input_file_ref idref="fl-4"/>
      </object_component>
      <object_component id="oc-92">
         <name>.debug_info</name>
         <load_address>0x981d</load_address>
         <run_address>0x981d</run_address>
         <size>0x4d8b4</size>
         <input_file_ref idref="fl-5"/>
      </object_component>
      <object_component id="oc-f8">
         <name>.debug_info</name>
         <load_address>0x570d1</load_address>
         <run_address>0x570d1</run_address>
         <size>0x191ee</size>
         <input_file_ref idref="fl-6"/>
      </object_component>
      <object_component id="oc-fd">
         <name>.debug_info</name>
         <load_address>0x702bf</load_address>
         <run_address>0x702bf</run_address>
         <size>0x372c</size>
         <input_file_ref idref="fl-7"/>
      </object_component>
      <object_component id="oc-102">
         <name>.debug_info</name>
         <load_address>0x739eb</load_address>
         <run_address>0x739eb</run_address>
         <size>0x6852</size>
         <input_file_ref idref="fl-8"/>
      </object_component>
      <object_component id="oc-107">
         <name>.debug_info</name>
         <load_address>0x7a23d</load_address>
         <run_address>0x7a23d</run_address>
         <size>0xc692</size>
         <input_file_ref idref="fl-9"/>
      </object_component>
      <object_component id="oc-10c">
         <name>.debug_info</name>
         <load_address>0x868cf</load_address>
         <run_address>0x868cf</run_address>
         <size>0x10032</size>
         <input_file_ref idref="fl-a"/>
      </object_component>
      <object_component id="oc-111">
         <name>.debug_info</name>
         <load_address>0x96901</load_address>
         <run_address>0x96901</run_address>
         <size>0x1ba</size>
         <input_file_ref idref="fl-b"/>
      </object_component>
      <object_component id="oc-115">
         <name>.debug_info</name>
         <load_address>0x96abb</load_address>
         <run_address>0x96abb</run_address>
         <size>0x16784</size>
         <input_file_ref idref="fl-c"/>
      </object_component>
      <object_component id="oc-121">
         <name>.debug_info</name>
         <load_address>0xad23f</load_address>
         <run_address>0xad23f</run_address>
         <size>0x16b</size>
         <input_file_ref idref="fl-12"/>
      </object_component>
      <object_component id="oc-125">
         <name>.debug_info</name>
         <load_address>0xad3aa</load_address>
         <run_address>0xad3aa</run_address>
         <size>0x5c1</size>
         <input_file_ref idref="fl-13"/>
      </object_component>
      <object_component id="oc-12a">
         <name>.debug_info</name>
         <load_address>0xad96b</load_address>
         <run_address>0xad96b</run_address>
         <size>0x5ab</size>
         <input_file_ref idref="fl-14"/>
      </object_component>
      <object_component id="oc-131">
         <name>.debug_info</name>
         <load_address>0xadf16</load_address>
         <run_address>0xadf16</run_address>
         <size>0x46f</size>
         <input_file_ref idref="fl-15"/>
      </object_component>
      <object_component id="oc-136">
         <name>.debug_info</name>
         <load_address>0xae385</load_address>
         <run_address>0xae385</run_address>
         <size>0x3e2</size>
         <input_file_ref idref="fl-16"/>
      </object_component>
      <object_component id="oc-13b">
         <name>.debug_info</name>
         <load_address>0xae767</load_address>
         <run_address>0xae767</run_address>
         <size>0x697</size>
         <input_file_ref idref="fl-17"/>
      </object_component>
      <object_component id="oc-140">
         <name>.debug_info</name>
         <load_address>0xaedfe</load_address>
         <run_address>0xaedfe</run_address>
         <size>0x3df</size>
         <input_file_ref idref="fl-18"/>
      </object_component>
      <object_component id="oc-145">
         <name>.debug_info</name>
         <load_address>0xaf1dd</load_address>
         <run_address>0xaf1dd</run_address>
         <size>0x50a</size>
         <input_file_ref idref="fl-19"/>
      </object_component>
      <object_component id="oc-14a">
         <name>.debug_info</name>
         <load_address>0xaf6e7</load_address>
         <run_address>0xaf6e7</run_address>
         <size>0x506</size>
         <input_file_ref idref="fl-1a"/>
      </object_component>
      <object_component id="oc-14f">
         <name>.debug_info</name>
         <load_address>0xafbed</load_address>
         <run_address>0xafbed</run_address>
         <size>0x501</size>
         <input_file_ref idref="fl-1b"/>
      </object_component>
      <object_component id="oc-154">
         <name>.debug_info</name>
         <load_address>0xb00ee</load_address>
         <run_address>0xb00ee</run_address>
         <size>0x2575</size>
         <input_file_ref idref="fl-1c"/>
      </object_component>
      <object_component id="oc-15b">
         <name>.debug_info</name>
         <load_address>0xb2663</load_address>
         <run_address>0xb2663</run_address>
         <size>0x4ce</size>
         <input_file_ref idref="fl-1d"/>
      </object_component>
      <object_component id="oc-160">
         <name>.debug_info</name>
         <load_address>0xb2b31</load_address>
         <run_address>0xb2b31</run_address>
         <size>0x454</size>
         <input_file_ref idref="fl-1e"/>
      </object_component>
      <object_component id="oc-165">
         <name>.debug_info</name>
         <load_address>0xb2f85</load_address>
         <run_address>0xb2f85</run_address>
         <size>0x1dc</size>
         <input_file_ref idref="fl-1f"/>
      </object_component>
      <object_component id="oc-168">
         <name>.debug_info</name>
         <load_address>0xb3161</load_address>
         <run_address>0xb3161</run_address>
         <size>0x118</size>
         <input_file_ref idref="fl-20"/>
      </object_component>
      <object_component id="oc-16d">
         <name>.debug_info</name>
         <load_address>0xb3279</load_address>
         <run_address>0xb3279</run_address>
         <size>0x10c</size>
         <input_file_ref idref="fl-21"/>
      </object_component>
      <object_component id="oc-172">
         <name>.debug_info</name>
         <load_address>0xb3385</load_address>
         <run_address>0xb3385</run_address>
         <size>0x10c</size>
         <input_file_ref idref="fl-22"/>
      </object_component>
      <object_component id="oc-177">
         <name>.debug_info</name>
         <load_address>0xb3491</load_address>
         <run_address>0xb3491</run_address>
         <size>0x10c</size>
         <input_file_ref idref="fl-23"/>
      </object_component>
      <object_component id="oc-17c">
         <name>.debug_info</name>
         <load_address>0xb359d</load_address>
         <run_address>0xb359d</run_address>
         <size>0x11a</size>
         <input_file_ref idref="fl-24"/>
      </object_component>
      <object_component id="oc-181">
         <name>.debug_info</name>
         <load_address>0xb36b7</load_address>
         <run_address>0xb36b7</run_address>
         <size>0x10c</size>
         <input_file_ref idref="fl-25"/>
      </object_component>
      <object_component id="oc-186">
         <name>.debug_info</name>
         <load_address>0xb37c3</load_address>
         <run_address>0xb37c3</run_address>
         <size>0x10c</size>
         <input_file_ref idref="fl-26"/>
      </object_component>
      <object_component id="oc-18b">
         <name>.debug_info</name>
         <load_address>0xb38cf</load_address>
         <run_address>0xb38cf</run_address>
         <size>0x112</size>
         <input_file_ref idref="fl-27"/>
      </object_component>
      <object_component id="oc-190">
         <name>.debug_info</name>
         <load_address>0xb39e1</load_address>
         <run_address>0xb39e1</run_address>
         <size>0x110</size>
         <input_file_ref idref="fl-28"/>
      </object_component>
      <object_component id="oc-195">
         <name>.debug_info</name>
         <load_address>0xb3af1</load_address>
         <run_address>0xb3af1</run_address>
         <size>0x110</size>
         <input_file_ref idref="fl-29"/>
      </object_component>
      <object_component id="oc-19a">
         <name>.debug_info</name>
         <load_address>0xb3c01</load_address>
         <run_address>0xb3c01</run_address>
         <size>0x16e</size>
         <input_file_ref idref="fl-2a"/>
      </object_component>
      <object_component id="oc-19f">
         <name>.debug_info</name>
         <load_address>0xb3d6f</load_address>
         <run_address>0xb3d6f</run_address>
         <size>0x146</size>
         <input_file_ref idref="fl-2b"/>
      </object_component>
      <object_component id="oc-1a4">
         <name>.debug_info</name>
         <load_address>0xb3eb5</load_address>
         <run_address>0xb3eb5</run_address>
         <size>0x229</size>
         <input_file_ref idref="fl-2c"/>
      </object_component>
      <object_component id="oc-1a8">
         <name>.debug_info</name>
         <load_address>0xb40de</load_address>
         <run_address>0xb40de</run_address>
         <size>0x4ee</size>
         <input_file_ref idref="fl-2d"/>
      </object_component>
      <object_component id="oc-1ad">
         <name>.debug_info</name>
         <load_address>0xb45cc</load_address>
         <run_address>0xb45cc</run_address>
         <size>0x46d</size>
         <input_file_ref idref="fl-2e"/>
      </object_component>
      <object_component id="oc-1b2">
         <name>.debug_info</name>
         <load_address>0xb4a39</load_address>
         <run_address>0xb4a39</run_address>
         <size>0x527</size>
         <input_file_ref idref="fl-2f"/>
      </object_component>
      <object_component id="oc-1b7">
         <name>.debug_info</name>
         <load_address>0xb4f60</load_address>
         <run_address>0xb4f60</run_address>
         <size>0x537</size>
         <input_file_ref idref="fl-30"/>
      </object_component>
      <object_component id="oc-1bd">
         <name>.debug_info</name>
         <load_address>0xb5497</load_address>
         <run_address>0xb5497</run_address>
         <size>0x5e2</size>
         <input_file_ref idref="fl-31"/>
      </object_component>
      <object_component id="oc-1c3">
         <name>.debug_info</name>
         <load_address>0xb5a79</load_address>
         <run_address>0xb5a79</run_address>
         <size>0x516</size>
         <input_file_ref idref="fl-32"/>
      </object_component>
      <object_component id="oc-1c8">
         <name>.debug_info</name>
         <load_address>0xb5f8f</load_address>
         <run_address>0xb5f8f</run_address>
         <size>0x4f0</size>
         <input_file_ref idref="fl-33"/>
      </object_component>
      <object_component id="oc-1cd">
         <name>.debug_info</name>
         <load_address>0xb647f</load_address>
         <run_address>0xb647f</run_address>
         <size>0x4cf</size>
         <input_file_ref idref="fl-34"/>
      </object_component>
      <object_component id="oc-1d2">
         <name>.debug_info</name>
         <load_address>0xb694e</load_address>
         <run_address>0xb694e</run_address>
         <size>0x1bb</size>
         <input_file_ref idref="fl-35"/>
      </object_component>
      <object_component id="oc-1d7">
         <name>.debug_info</name>
         <load_address>0xb6b09</load_address>
         <run_address>0xb6b09</run_address>
         <size>0x10c</size>
         <input_file_ref idref="fl-36"/>
      </object_component>
      <object_component id="oc-1dc">
         <name>.debug_info</name>
         <load_address>0xb6c15</load_address>
         <run_address>0xb6c15</run_address>
         <size>0x19d</size>
         <input_file_ref idref="fl-37"/>
      </object_component>
      <object_component id="oc-1e0">
         <name>.debug_info</name>
         <load_address>0xb6db2</load_address>
         <run_address>0xb6db2</run_address>
         <size>0x4c4</size>
         <input_file_ref idref="fl-38"/>
      </object_component>
      <object_component id="oc-294">
         <name>.debug_info</name>
         <load_address>0xb7276</load_address>
         <run_address>0xb7276</run_address>
         <size>0xd5</size>
      </object_component>
      <object_component id="oc-83">
         <name>.debug_line</name>
         <load_address>0x0</load_address>
         <run_address>0x0</run_address>
         <size>0x9d</size>
         <input_file_ref idref="fl-2"/>
      </object_component>
      <object_component id="oc-89">
         <name>.debug_line</name>
         <load_address>0x9d</load_address>
         <run_address>0x9d</run_address>
         <size>0x87</size>
         <input_file_ref idref="fl-3"/>
      </object_component>
      <object_component id="oc-8f">
         <name>.debug_line</name>
         <load_address>0x124</load_address>
         <run_address>0x124</run_address>
         <size>0xd2f</size>
         <input_file_ref idref="fl-4"/>
      </object_component>
      <object_component id="oc-fa">
         <name>.debug_line</name>
         <load_address>0xe53</load_address>
         <run_address>0xe53</run_address>
         <size>0x2b9</size>
         <input_file_ref idref="fl-6"/>
      </object_component>
      <object_component id="oc-ff">
         <name>.debug_line</name>
         <load_address>0x110c</load_address>
         <run_address>0x110c</run_address>
         <size>0xd7</size>
         <input_file_ref idref="fl-7"/>
      </object_component>
      <object_component id="oc-104">
         <name>.debug_line</name>
         <load_address>0x11e3</load_address>
         <run_address>0x11e3</run_address>
         <size>0xb9</size>
         <input_file_ref idref="fl-8"/>
      </object_component>
      <object_component id="oc-109">
         <name>.debug_line</name>
         <load_address>0x129c</load_address>
         <run_address>0x129c</run_address>
         <size>0x55d</size>
         <input_file_ref idref="fl-9"/>
      </object_component>
      <object_component id="oc-112">
         <name>.debug_line</name>
         <load_address>0x17f9</load_address>
         <run_address>0x17f9</run_address>
         <size>0x97</size>
         <input_file_ref idref="fl-b"/>
      </object_component>
      <object_component id="oc-11b">
         <name>.debug_line</name>
         <load_address>0x1890</load_address>
         <run_address>0x1890</run_address>
         <size>0x2cf</size>
         <input_file_ref idref="fl-c"/>
      </object_component>
      <object_component id="oc-122">
         <name>.debug_line</name>
         <load_address>0x1b5f</load_address>
         <run_address>0x1b5f</run_address>
         <size>0x7e</size>
         <input_file_ref idref="fl-12"/>
      </object_component>
      <object_component id="oc-127">
         <name>.debug_line</name>
         <load_address>0x1bdd</load_address>
         <run_address>0x1bdd</run_address>
         <size>0x50</size>
         <input_file_ref idref="fl-13"/>
      </object_component>
      <object_component id="oc-12e">
         <name>.debug_line</name>
         <load_address>0x1c2d</load_address>
         <run_address>0x1c2d</run_address>
         <size>0x65</size>
         <input_file_ref idref="fl-14"/>
      </object_component>
      <object_component id="oc-133">
         <name>.debug_line</name>
         <load_address>0x1c92</load_address>
         <run_address>0x1c92</run_address>
         <size>0x62</size>
         <input_file_ref idref="fl-15"/>
      </object_component>
      <object_component id="oc-138">
         <name>.debug_line</name>
         <load_address>0x1cf4</load_address>
         <run_address>0x1cf4</run_address>
         <size>0x3e</size>
         <input_file_ref idref="fl-16"/>
      </object_component>
      <object_component id="oc-13d">
         <name>.debug_line</name>
         <load_address>0x1d32</load_address>
         <run_address>0x1d32</run_address>
         <size>0x7d</size>
         <input_file_ref idref="fl-17"/>
      </object_component>
      <object_component id="oc-142">
         <name>.debug_line</name>
         <load_address>0x1daf</load_address>
         <run_address>0x1daf</run_address>
         <size>0x3a</size>
         <input_file_ref idref="fl-18"/>
      </object_component>
      <object_component id="oc-147">
         <name>.debug_line</name>
         <load_address>0x1de9</load_address>
         <run_address>0x1de9</run_address>
         <size>0xa7</size>
         <input_file_ref idref="fl-19"/>
      </object_component>
      <object_component id="oc-14c">
         <name>.debug_line</name>
         <load_address>0x1e90</load_address>
         <run_address>0x1e90</run_address>
         <size>0xa7</size>
         <input_file_ref idref="fl-1a"/>
      </object_component>
      <object_component id="oc-151">
         <name>.debug_line</name>
         <load_address>0x1f37</load_address>
         <run_address>0x1f37</run_address>
         <size>0x5e</size>
         <input_file_ref idref="fl-1b"/>
      </object_component>
      <object_component id="oc-158">
         <name>.debug_line</name>
         <load_address>0x1f95</load_address>
         <run_address>0x1f95</run_address>
         <size>0xbfa</size>
         <input_file_ref idref="fl-1c"/>
      </object_component>
      <object_component id="oc-15d">
         <name>.debug_line</name>
         <load_address>0x2b8f</load_address>
         <run_address>0x2b8f</run_address>
         <size>0x55</size>
         <input_file_ref idref="fl-1d"/>
      </object_component>
      <object_component id="oc-162">
         <name>.debug_line</name>
         <load_address>0x2be4</load_address>
         <run_address>0x2be4</run_address>
         <size>0x6a</size>
         <input_file_ref idref="fl-1e"/>
      </object_component>
      <object_component id="oc-169">
         <name>.debug_line</name>
         <load_address>0x2c4e</load_address>
         <run_address>0x2c4e</run_address>
         <size>0x60</size>
         <input_file_ref idref="fl-20"/>
      </object_component>
      <object_component id="oc-16e">
         <name>.debug_line</name>
         <load_address>0x2cae</load_address>
         <run_address>0x2cae</run_address>
         <size>0xb3</size>
         <input_file_ref idref="fl-21"/>
      </object_component>
      <object_component id="oc-173">
         <name>.debug_line</name>
         <load_address>0x2d61</load_address>
         <run_address>0x2d61</run_address>
         <size>0xa2</size>
         <input_file_ref idref="fl-22"/>
      </object_component>
      <object_component id="oc-178">
         <name>.debug_line</name>
         <load_address>0x2e03</load_address>
         <run_address>0x2e03</run_address>
         <size>0x45</size>
         <input_file_ref idref="fl-23"/>
      </object_component>
      <object_component id="oc-17d">
         <name>.debug_line</name>
         <load_address>0x2e48</load_address>
         <run_address>0x2e48</run_address>
         <size>0x49</size>
         <input_file_ref idref="fl-24"/>
      </object_component>
      <object_component id="oc-182">
         <name>.debug_line</name>
         <load_address>0x2e91</load_address>
         <run_address>0x2e91</run_address>
         <size>0x59</size>
         <input_file_ref idref="fl-25"/>
      </object_component>
      <object_component id="oc-187">
         <name>.debug_line</name>
         <load_address>0x2eea</load_address>
         <run_address>0x2eea</run_address>
         <size>0x58</size>
         <input_file_ref idref="fl-26"/>
      </object_component>
      <object_component id="oc-18c">
         <name>.debug_line</name>
         <load_address>0x2f42</load_address>
         <run_address>0x2f42</run_address>
         <size>0x58</size>
         <input_file_ref idref="fl-27"/>
      </object_component>
      <object_component id="oc-191">
         <name>.debug_line</name>
         <load_address>0x2f9a</load_address>
         <run_address>0x2f9a</run_address>
         <size>0x57</size>
         <input_file_ref idref="fl-28"/>
      </object_component>
      <object_component id="oc-196">
         <name>.debug_line</name>
         <load_address>0x2ff1</load_address>
         <run_address>0x2ff1</run_address>
         <size>0x56</size>
         <input_file_ref idref="fl-29"/>
      </object_component>
      <object_component id="oc-19b">
         <name>.debug_line</name>
         <load_address>0x3047</load_address>
         <run_address>0x3047</run_address>
         <size>0x6c</size>
         <input_file_ref idref="fl-2a"/>
      </object_component>
      <object_component id="oc-1a0">
         <name>.debug_line</name>
         <load_address>0x30b3</load_address>
         <run_address>0x30b3</run_address>
         <size>0x63</size>
         <input_file_ref idref="fl-2b"/>
      </object_component>
      <object_component id="oc-1a5">
         <name>.debug_line</name>
         <load_address>0x3116</load_address>
         <run_address>0x3116</run_address>
         <size>0x16b</size>
         <input_file_ref idref="fl-2c"/>
      </object_component>
      <object_component id="oc-1aa">
         <name>.debug_line</name>
         <load_address>0x3281</load_address>
         <run_address>0x3281</run_address>
         <size>0x5f</size>
         <input_file_ref idref="fl-2d"/>
      </object_component>
      <object_component id="oc-1af">
         <name>.debug_line</name>
         <load_address>0x32e0</load_address>
         <run_address>0x32e0</run_address>
         <size>0x48</size>
         <input_file_ref idref="fl-2e"/>
      </object_component>
      <object_component id="oc-1b4">
         <name>.debug_line</name>
         <load_address>0x3328</load_address>
         <run_address>0x3328</run_address>
         <size>0xa9</size>
         <input_file_ref idref="fl-2f"/>
      </object_component>
      <object_component id="oc-1ba">
         <name>.debug_line</name>
         <load_address>0x33d1</load_address>
         <run_address>0x33d1</run_address>
         <size>0x58</size>
         <input_file_ref idref="fl-30"/>
      </object_component>
      <object_component id="oc-1c0">
         <name>.debug_line</name>
         <load_address>0x3429</load_address>
         <run_address>0x3429</run_address>
         <size>0x78</size>
         <input_file_ref idref="fl-31"/>
      </object_component>
      <object_component id="oc-1c5">
         <name>.debug_line</name>
         <load_address>0x34a1</load_address>
         <run_address>0x34a1</run_address>
         <size>0xa7</size>
         <input_file_ref idref="fl-32"/>
      </object_component>
      <object_component id="oc-1ca">
         <name>.debug_line</name>
         <load_address>0x3548</load_address>
         <run_address>0x3548</run_address>
         <size>0xa0</size>
         <input_file_ref idref="fl-33"/>
      </object_component>
      <object_component id="oc-1cf">
         <name>.debug_line</name>
         <load_address>0x35e8</load_address>
         <run_address>0x35e8</run_address>
         <size>0xa7</size>
         <input_file_ref idref="fl-34"/>
      </object_component>
      <object_component id="oc-1d8">
         <name>.debug_line</name>
         <load_address>0x368f</load_address>
         <run_address>0x368f</run_address>
         <size>0xc4</size>
         <input_file_ref idref="fl-36"/>
      </object_component>
      <object_component id="oc-1dd">
         <name>.debug_line</name>
         <load_address>0x3753</load_address>
         <run_address>0x3753</run_address>
         <size>0x8e</size>
         <input_file_ref idref="fl-37"/>
      </object_component>
      <object_component id="oc-1e2">
         <name>.debug_line</name>
         <load_address>0x37e1</load_address>
         <run_address>0x37e1</run_address>
         <size>0x42</size>
         <input_file_ref idref="fl-38"/>
      </object_component>
      <object_component id="oc-84">
         <name>.debug_abbrev</name>
         <load_address>0x0</load_address>
         <run_address>0x0</run_address>
         <size>0x21</size>
         <input_file_ref idref="fl-2"/>
      </object_component>
      <object_component id="oc-8a">
         <name>.debug_abbrev</name>
         <load_address>0x21</load_address>
         <run_address>0x21</run_address>
         <size>0xfd</size>
[...]
         <object_component_ref idref="oc-1e5"/>
      </symbol>
      <symbol id="sm-3b2">
         <name>_GPIO_SetupXINT3Gpio</name>
         <value>0x83735</value>
         <object_component_ref idref="oc-1e5"/>
      </symbol>
      <symbol id="sm-3b3">
         <name>_GPIO_WritePin</name>
         <value>0x837be</value>
         <object_component_ref idref="oc-1e5"/>
      </symbol>
      <symbol id="sm-3b4">
         <name>_GPIO_SetupPinOptions</name>
         <value>0x83664</value>
         <object_component_ref idref="oc-1e5"/>
      </symbol>
      <symbol id="sm-3b5">
         <name>_GPIO_EnableUnbondedIOPullups</name>
         <value>0x83791</value>
         <object_component_ref idref="oc-1e5"/>
      </symbol>
      <symbol id="sm-3b6">
         <name>_GPIO_SetupXINT1Gpio</name>
         <value>0x83721</value>
         <object_component_ref idref="oc-1e5"/>
      </symbol>
      <symbol id="sm-3b7">
         <name>_GPIO_SetupPinMux</name>
         <value>0x835dc</value>
         <object_component_ref idref="oc-1e5"/>
      </symbol>
      <symbol id="sm-3b8">
         <name>_GPIO_EnableUnbondedIOPullupsFor100Pin</name>
         <value>0x8376c</value>
         <object_component_ref idref="oc-1e5"/>
      </symbol>
      <symbol id="sm-3b9">
         <name>_GPIO_ReadPin</name>
         <value>0x837a7</value>
         <object_component_ref idref="oc-1e5"/>
      </symbol>
      <symbol id="sm-3c5">
         <name>_InitPieCtrl</name>
         <value>0x84000</value>
         <object_component_ref idref="oc-1f0"/>
      </symbol>
      <symbol id="sm-3c6">
         <name>_EnableInterrupts</name>
         <value>0x8401f</value>
         <object_component_ref idref="oc-1f0"/>
      </symbol>
      <symbol id="sm-3d6">
         <name>_PieVectTableInit</name>
         <value>0x90000</value>
         <object_component_ref idref="oc-1f7"/>
      </symbol>
      <symbol id="sm-3d7">
         <name>_InitPieVectTable</name>
         <value>0x84028</value>
         <object_component_ref idref="oc-1f1"/>
      </symbol>
      <symbol id="sm-408">
         <name>_FlashOff_Bank1</name>
         <value>0x8060</value>
         <object_component_ref idref="oc-1f5"/>
      </symbol>
      <symbol id="sm-409">
         <name>_FlashOff_Bank0</name>
         <value>0x8052</value>
         <object_component_ref idref="oc-1f5"/>
      </symbol>
      <symbol id="sm-40a">
         <name>_InitSysPll</name>
         <value>0x83370</value>
         <object_component_ref idref="oc-1ec"/>
      </symbol>
      <symbol id="sm-40b">
         <name>_DisablePeripheralClocks</name>
         <value>0x83314</value>
         <object_component_ref idref="oc-1ec"/>
      </symbol>
      <symbol id="sm-40c">
         <name>_DisableDog</name>
         <value>0x83362</value>
         <object_component_ref idref="oc-1ec"/>
      </symbol>
      <symbol id="sm-40d">
         <name>_SysIntOsc2Sel</name>
         <value>0x8352b</value>
         <object_component_ref idref="oc-1ec"/>
      </symbol>
      <symbol id="sm-40e">
         <name>_ReleaseFlashPump</name>
         <value>0x8334a</value>
         <object_component_ref idref="oc-1ec"/>
      </symbol>
      <symbol id="sm-40f">
         <name>_HALT</name>
         <value>0x83577</value>
         <object_component_ref idref="oc-1ec"/>
      </symbol>
      <symbol id="sm-410">
         <name>_IDLE</name>
         <value>0x83563</value>
         <object_component_ref idref="oc-1ec"/>
      </symbol>
      <symbol id="sm-411">
         <name>_InitPeripheralClocks</name>
         <value>0x83290</value>
         <object_component_ref idref="oc-1ec"/>
      </symbol>
      <symbol id="sm-412">
         <name>_InitFlash_Bank0</name>
         <value>0x8000</value>
         <object_component_ref idref="oc-1f5"/>
      </symbol>
      <symbol id="sm-413">
         <name>_InitFlash_Bank1</name>
         <value>0x8029</value>
         <object_component_ref idref="oc-1f5"/>
      </symbol>
      <symbol id="sm-414">
         <name>_SysXtalOscSel</name>
         <value>0x83537</value>
         <object_component_ref idref="oc-1ec"/>
      </symbol>
      <symbol id="sm-415">
         <name>_CsmUnlock</name>
         <value>0x834fe</value>
         <object_component_ref idref="oc-1ec"/>
      </symbol>
      <symbol id="sm-416">
         <name>_SysIntOsc1Sel</name>
         <value>0x8351f</value>
         <object_component_ref idref="oc-1ec"/>
      </symbol>
      <symbol id="sm-417">
         <name>_ServiceDog</name>
         <value>0x83354</value>
         <object_component_ref idref="oc-1ec"/>
      </symbol>
      <symbol id="sm-418">
         <name>_HIB</name>
         <value>0x83588</value>
         <object_component_ref idref="oc-1ec"/>
      </symbol>
      <symbol id="sm-419">
         <name>_AuxAuxClkSel</name>
         <value>0x83559</value>
         <object_component_ref idref="oc-1ec"/>
      </symbol>
      <symbol id="sm-41a">
         <name>_AuxIntOsc2Sel</name>
         <value>0x83543</value>
         <object_component_ref idref="oc-1ec"/>
      </symbol>
      <symbol id="sm-41b">
         <name>_InitAuxPll</name>
         <value>0x83436</value>
         <object_component_ref idref="oc-1ec"/>
      </symbol>
      <symbol id="sm-41c">
         <name>_InitSysCtrl</name>
         <value>0x83253</value>
         <object_component_ref idref="oc-1ec"/>
      </symbol>
      <symbol id="sm-41d">
         <name>_SeizeFlashPump_Bank1</name>
         <value>0x8333b</value>
         <object_component_ref idref="oc-1ec"/>
      </symbol>
      <symbol id="sm-41e">
         <name>_SeizeFlashPump_Bank0</name>
         <value>0x8332c</value>
         <object_component_ref idref="oc-1ec"/>
      </symbol>
      <symbol id="sm-41f">
         <name>_STANDBY</name>
         <value>0x8356c</value>
         <object_component_ref idref="oc-1ec"/>
      </symbol>
      <symbol id="sm-420">
         <name>_AuxXtalOscSel</name>
         <value>0x8354d</value>
         <object_component_ref idref="oc-1ec"/>
      </symbol>
      <symbol id="sm-434">
         <name>_I2C</name>
         <value>0xa808</value>
         <object_component_ref idref="oc-10e"/>
      </symbol>
      <symbol id="sm-435">
         <name>_TRIP_SEL</name>
         <value>0xa85a</value>
         <object_component_ref idref="oc-10e"/>
      </symbol>
      <symbol id="sm-436">
         <name>_EPWM</name>
         <value>0xa840</value>
         <object_component_ref idref="oc-10e"/>
      </symbol>
      <symbol id="sm-437">
         <name>_MCBSP</name>
         <value>0xa804</value>
         <object_component_ref idref="oc-10e"/>
      </symbol>
      <symbol id="sm-438">
         <name>_ECAP</name>
         <value>0xa82c</value>
         <object_component_ref idref="oc-10e"/>
      </symbol>
      <symbol id="sm-439">
         <name>_SPI</name>
         <value>0xa81a</value>
         <object_component_ref idref="oc-10e"/>
      </symbol>
      <symbol id="sm-43a">
         <name>_EQEP</name>
         <value>0xa812</value>
         <object_component_ref idref="oc-10e"/>
      </symbol>
      <symbol id="sm-43b">
         <name>_SDFM</name>
         <value>0xa80c</value>
         <object_component_ref idref="oc-10e"/>
      </symbol>
      <symbol id="sm-43c">
         <name>_ADC</name>
         <value>0xa822</value>
         <object_component_ref idref="oc-10e"/>
      </symbol>
      <symbol id="sm-43d">
         <name>_SCI</name>
         <value>0xa800</value>
         <object_component_ref idref="oc-10e"/>
      </symbol>
      <symbol id="sm-449">
         <name>_F28x_usDelay</name>
         <value>0x806e</value>
         <object_component_ref idref="oc-110"/>
      </symbol>
      <symbol id="sm-47e">
         <name>_main</name>
         <value>0x837dc</value>
         <object_component_ref idref="oc-1e6"/>
      </symbol>
      <symbol id="sm-47f">
         <name>_SCIAXmit</name>
         <value>0x8382e</value>
         <object_component_ref idref="oc-1e6"/>
      </symbol>
      <symbol id="sm-480">
         <name>_MySCICSetup</name>
         <value>0x83813</value>
         <object_component_ref idref="oc-1e6"/>
      </symbol>
      <symbol id="sm-481">
         <name>_MySCIASetup</name>
         <value>0x83800</value>
         <object_component_ref idref="oc-1e6"/>
      </symbol>
      <symbol id="sm-482">
         <name>_SCICXmit</name>
         <value>0x83857</value>
         <object_component_ref idref="oc-1e6"/>
      </symbol>
      <symbol id="sm-483">
         <name>_SCICSendMsg</name>
         <value>0x83863</value>
         <object_component_ref idref="oc-1e6"/>
      </symbol>
      <symbol id="sm-484">
         <name>_msgDecoder</name>
         <value>0x838b9</value>
         <object_component_ref idref="oc-1e6"/>
      </symbol>
      <symbol id="sm-485">
         <name>_SCIAFifoInit</name>
         <value>0x83826</value>
         <object_component_ref idref="oc-1e6"/>
      </symbol>
      <symbol id="sm-486">
         <name>_msg</name>
         <value>0xa880</value>
         <object_component_ref idref="oc-117"/>
      </symbol>
      <symbol id="sm-487">
         <name>_xint1_isr</name>
         <value>0x83af6</value>
         <object_component_ref idref="oc-118"/>
      </symbol>
      <symbol id="sm-488">
         <name>_sciaTX_isr</name>
         <value>0x83baf</value>
         <object_component_ref idref="oc-118"/>
      </symbol>
      <symbol id="sm-489">
         <name>_sciaRX_isr</name>
         <value>0x83b43</value>
         <object_component_ref idref="oc-118"/>
      </symbol>
      <symbol id="sm-48a">
         <name>_SCICFifoInit</name>
         <value>0x8384f</value>
         <object_component_ref idref="oc-1e6"/>
      </symbol>
      <symbol id="sm-48b">
         <name>_MyISRSetup</name>
         <value>0x839c4</value>
         <object_component_ref idref="oc-1e6"/>
      </symbol>
      <symbol id="sm-48c">
         <name>_SCIASendMsg</name>
         <value>0x8383c</value>
         <object_component_ref idref="oc-1e6"/>
      </symbol>
      <symbol id="sm-48d">
         <name>_MyGpioSetup</name>
         <value>0x83876</value>
         <object_component_ref idref="oc-1e6"/>
      </symbol>
      <symbol id="sm-48e">
         <name>_line</name>
         <value>0xa896</value>
         <object_component_ref idref="oc-117"/>
      </symbol>
      <symbol id="sm-48f">
         <name>_rxBuff</name>
         <value>0xa882</value>
         <object_component_ref idref="oc-117"/>
      </symbol>
      <symbol id="sm-490">
         <name>_MyXINTSetup</name>
         <value>0x839e6</value>
         <object_component_ref idref="oc-1e6"/>
      </symbol>
      <symbol id="sm-491">
         <name>_receivedMsg</name>
         <value>0xa886</value>
         <object_component_ref idref="oc-117"/>
      </symbol>
      <symbol id="sm-4ac">
         <name>_c_int00</name>
         <value>0x83e95</value>
         <object_component_ref idref="oc-11e"/>
      </symbol>
      <symbol id="sm-4ad">
         <name>__stack</name>
         <value>0x400</value>
         <object_component_ref idref="oc-11f"/>
      </symbol>
      <symbol id="sm-4bc">
         <name>_copy_in</name>
         <value>0x8404e</value>
         <object_component_ref idref="oc-1e8"/>
      </symbol>
      <symbol id="sm-4d0">
         <name>C$$EXIT</name>
         <value>0x83fd0</value>
         <object_component_ref idref="oc-1eb"/>
      </symbol>
      <symbol id="sm-4d1">
         <name>_exit</name>
         <value>0x83fd2</value>
         <object_component_ref idref="oc-1eb"/>
      </symbol>
      <symbol id="sm-4d2">
         <name>___TI_cleanup_ptr</name>
         <value>0xa87a</value>
         <object_component_ref idref="oc-12c"/>
      </symbol>
      <symbol id="sm-4d3">
         <name>___TI_enable_exit_profile_output</name>
         <value>0xa878</value>
         <object_component_ref idref="oc-12c"/>
      </symbol>
      <symbol id="sm-4d4">
         <name>_abort</name>
         <value>0x83fd0</value>
         <object_component_ref idref="oc-1eb"/>
      </symbol>
      <symbol id="sm-4d5">
         <name>___TI_dtors_ptr</name>
         <value>0xa87c</value>
         <object_component_ref idref="oc-12c"/>
      </symbol>
      <symbol id="sm-4e6">
         <name>_memcpy</name>
         <value>0x840f4</value>
         <object_component_ref idref="oc-1f2"/>
      </symbol>
      <symbol id="sm-4f2">
         <name>__system_pre_init</name>
         <value>0x83ffe</value>
         <object_component_ref idref="oc-1e7"/>
      </symbol>
      <symbol id="sm-500">
         <name>_sprintf</name>
         <value>0x83eeb</value>
         <object_component_ref idref="oc-1ed"/>
      </symbol>
      <symbol id="sm-50c">
         <name>__system_post_cinit</name>
         <value>0x841f8</value>
         <object_component_ref idref="oc-1e9"/>
      </symbol>
      <symbol id="sm-51b">
         <name>_strcat</name>
         <value>0x841e7</value>
         <object_component_ref idref="oc-1ee"/>
      </symbol>
      <symbol id="sm-529">
         <name>_strcmp</name>
         <value>0x841cb</value>
         <object_component_ref idref="oc-1ef"/>
      </symbol>
      <symbol id="sm-53d">
         <name>__unlock</name>
         <value>0xa8aa</value>
         <object_component_ref idref="oc-203"/>
      </symbol>
      <symbol id="sm-53e">
         <name>__lock</name>
         <value>0xa87e</value>
         <object_component_ref idref="oc-1f3"/>
      </symbol>
      <symbol id="sm-53f">
         <name>__register_lock</name>
         <value>0x841d9</value>
         <object_component_ref idref="oc-1f8"/>
      </symbol>
      <symbol id="sm-540">
         <name>__nop</name>
         <value>0x841dd</value>
         <object_component_ref idref="oc-1f8"/>
      </symbol>
      <symbol id="sm-541">
         <name>__register_unlock</name>
         <value>0x841d5</value>
         <object_component_ref idref="oc-1f8"/>
      </symbol>
      <symbol id="sm-66c">
         <name>___TI_printfi</name>
         <value>0x82b9b</value>
         <object_component_ref idref="oc-1f6"/>
      </symbol>
      <symbol id="sm-67b">
         <name>__args_main</name>
         <value>0x84167</value>
         <object_component_ref idref="oc-1ea"/>
      </symbol>
      <symbol id="sm-68f">
         <name>_atoi</name>
         <value>0x83f1d</value>
         <object_component_ref idref="oc-1fa"/>
      </symbol>
      <symbol id="sm-697">
         <name>__ctypes_</name>
         <value>0x901c0</value>
         <object_component_ref idref="oc-204"/>
      </symbol>
      <symbol id="sm-6a7">
         <name>FD$$CMP</name>
         <value>0x83f7c</value>
         <object_component_ref idref="oc-167"/>
      </symbol>
      <symbol id="sm-6be">
         <name>FD$$DIV</name>
         <value>0x83d2d</value>
         <object_component_ref idref="oc-16c"/>
      </symbol>
      <symbol id="sm-6d0">
         <name>FD$$MPY</name>
         <value>0x83db8</value>
         <object_component_ref idref="oc-171"/>
      </symbol>
      <symbol id="sm-6dd">
         <name>FD$$NEG</name>
         <value>0x841de</value>
         <object_component_ref idref="oc-176"/>
      </symbol>
      <symbol id="sm-6e9">
         <name>FD$$SUB</name>
         <value>0x84198</value>
         <object_component_ref idref="oc-17b"/>
      </symbol>
      <symbol id="sm-6f8">
         <name>FD$$TOI</name>
         <value>0x84096</value>
         <object_component_ref idref="oc-180"/>
      </symbol>
      <symbol id="sm-707">
         <name>FD$$TOL</name>
         <value>0x840b7</value>
         <object_component_ref idref="oc-185"/>
      </symbol>
      <symbol id="sm-717">
         <name>FS$$TOFD</name>
         <value>0x8412f</value>
         <object_component_ref idref="oc-18a"/>
      </symbol>
      <symbol id="sm-727">
         <name>I$$TOFD</name>
         <value>0x84112</value>
         <object_component_ref idref="oc-18f"/>
      </symbol>
      <symbol id="sm-737">
         <name>L$$TOFD</name>
         <value>0x8414b</value>
         <object_component_ref idref="oc-194"/>
      </symbol>
      <symbol id="sm-743">
         <name>LL$$AND</name>
         <value>0x84180</value>
         <object_component_ref idref="oc-199"/>
      </symbol>
      <symbol id="sm-744">
         <name>LL$$OR</name>
         <value>0x84188</value>
         <object_component_ref idref="oc-199"/>
      </symbol>
      <symbol id="sm-745">
         <name>LL$$XOR</name>
         <value>0x84190</value>
         <object_component_ref idref="oc-199"/>
      </symbol>
      <symbol id="sm-753">
         <name>ULL$$CMP</name>
         <value>0x840e8</value>
         <object_component_ref idref="oc-19e"/>
      </symbol>
      <symbol id="sm-754">
         <name>LL$$CMP</name>
         <value>0x840d6</value>
         <object_component_ref idref="oc-19e"/>
      </symbol>
      <symbol id="sm-780">
         <name>ULL$$MOD</name>
         <value>0x83a94</value>
         <object_component_ref idref="oc-1a3"/>
      </symbol>
      <symbol id="sm-781">
         <name>ULL$$DIV</name>
         <value>0x83a65</value>
         <object_component_ref idref="oc-1a3"/>
      </symbol>
      <symbol id="sm-782">
         <name>LL$$MOD</name>
         <value>0x83a2b</value>
         <object_component_ref idref="oc-1a3"/>
      </symbol>
      <symbol id="sm-783">
         <name>LL$$DIV</name>
         <value>0x839ef</value>
         <object_component_ref idref="oc-1a3"/>
      </symbol>
      <symbol id="sm-791">
         <name>_ltoa</name>
         <value>0x83f4e</value>
         <object_component_ref idref="oc-1fc"/>
      </symbol>
      <symbol id="sm-7a0">
         <name>_memccpy</name>
         <value>0x841a6</value>
         <object_component_ref idref="oc-202"/>
      </symbol>
      <symbol id="sm-7ae">
         <name>_memset</name>
         <value>0x841b3</value>
         <object_component_ref idref="oc-200"/>
      </symbol>
      <symbol id="sm-7c1">
         <name>_frexpl</name>
         <value>0x83e3b</value>
         <object_component_ref idref="oc-1fd"/>
      </symbol>
      <symbol id="sm-7de">
         <name>_scalbnl</name>
         <value>0x83bd5</value>
         <object_component_ref idref="oc-1fe"/>
      </symbol>
      <symbol id="sm-7df">
         <name>_ldexpl</name>
         <value>0x83bd5</value>
         <object_component_ref idref="oc-1fe"/>
      </symbol>
      <symbol id="sm-7ee">
         <name>_strchr</name>
         <value>0x841bf</value>
         <object_component_ref idref="oc-1ff"/>
      </symbol>
      <symbol id="sm-7fb">
         <name>_strcpy</name>
         <value>0x83ff9</value>
         <object_component_ref idref="oc-201"/>
      </symbol>
      <symbol id="sm-808">
         <name>_strlen</name>
         <value>0x841f0</value>
         <object_component_ref idref="oc-1fb"/>
      </symbol>
      <symbol id="sm-812">
         <name>_errno</name>
         <value>0xa8ac</value>
         <object_component_ref idref="oc-1d4"/>
      </symbol>
      <symbol id="sm-82d">
         <name>FD$$ADD</name>
         <value>0x83c91</value>
         <object_component_ref idref="oc-1d6"/>
      </symbol>
      <symbol id="sm-839">
         <name>UL$$MOD</name>
         <value>0x83fca</value>
         <object_component_ref idref="oc-1db"/>
      </symbol>
      <symbol id="sm-83a">
         <name>L$$MOD</name>
         <value>0x83fb5</value>
         <object_component_ref idref="oc-1db"/>
      </symbol>
      <symbol id="sm-83b">
         <name>L$$DIV</name>
         <value>0x83fa6</value>
         <object_component_ref idref="oc-1db"/>
      </symbol>
      <symbol id="sm-83c">
         <name>UL$$DIV</name>
         <value>0x83fc3</value>
         <object_component_ref idref="oc-1db"/>
      </symbol>
      <symbol id="sm-849">
         <name>_copysignl</name>
         <value>0x84072</value>
         <object_component_ref idref="oc-205"/>
      </symbol>
   </symbol_table>
   <title>Link successful</title>
</link_info>
